<?xml version="1.0" encoding="ISO-8859-1" ?>
<link_info>
   <banner>MSP430 Linker PC v18.1.4.LTS</banner>
   <copyright>Copyright (c) 2003-2018 Texas Instruments Incorporated</copyright>
   <link_time>0x5dd4b4d8</link_time>
   <link_errors>0x0</link_errors>
   <output_file>finalCode.out</output_file>
   <entry_point>
      <name>_c_int00_noargs</name>
      <address>0xdac0</address>
   </entry_point>
   <input_file_list>
      <input_file id="fl-2">
         <path>.\</path>
         <kind>object</kind>
         <file>hal_LCD.obj</file>
         <name>hal_LCD.obj</name>
      </input_file>
      <input_file id="fl-3">
         <path>.\</path>
         <kind>object</kind>
         <file>main.obj</file>
         <name>main.obj</name>
      </input_file>
      <input_file id="fl-4">
         <path>.\driverlib\</path>
         <kind>object</kind>
         <file>adc.obj</file>
         <name>adc.obj</name>
      </input_file>
      <input_file id="fl-5">
         <path>.\driverlib\</path>
         <kind>object</kind>
         <file>crc.obj</file>
         <name>crc.obj</name>
      </input_file>
      <input_file id="fl-6">
         <path>.\driverlib\</path>
         <kind>object</kind>
         <file>cs.obj</file>
         <name>cs.obj</name>
      </input_file>
      <input_file id="fl-7">
         <path>.\driverlib\</path>
         <kind>object</kind>
         <file>ecomp.obj</file>
         <name>ecomp.obj</name>
      </input_file>
      <input_file id="fl-8">
         <path>.\driverlib\</path>
         <kind>object</kind>
         <file>eusci_a_spi.obj</file>
         <name>eusci_a_spi.obj</name>
      </input_file>
      <input_file id="fl-9">
         <path>.\driverlib\</path>
         <kind>object</kind>
         <file>eusci_a_uart.obj</file>
         <name>eusci_a_uart.obj</name>
      </input_file>
      <input_file id="fl-a">
         <path>.\driverlib\</path>
         <kind>object</kind>
         <file>eusci_b_i2c.obj</file>
         <name>eusci_b_i2c.obj</name>
      </input_file>
      <input_file id="fl-b">
         <path>.\driverlib\</path>
         <kind>object</kind>
         <file>eusci_b_spi.obj</file>
         <name>eusci_b_spi.obj</name>
      </input_file>
      <input_file id="fl-c">
         <path>.\driverlib\</path>
         <kind>object</kind>
         <file>framctl.obj</file>
         <name>framctl.obj</name>
      </input_file>
      <input_file id="fl-d">
         <path>.\driverlib\</path>
         <kind>object</kind>
         <file>gpio.obj</file>
         <name>gpio.obj</name>
      </input_file>
      <input_file id="fl-e">
         <path>.\driverlib\</path>
         <kind>object</kind>
         <file>icc.obj</file>
         <name>icc.obj</name>
      </input_file>
      <input_file id="fl-f">
         <path>.\driverlib\</path>
         <kind>object</kind>
         <file>lcd_e.obj</file>
         <name>lcd_e.obj</name>
      </input_file>
      <input_file id="fl-10">
         <path>.\driverlib\</path>
         <kind>object</kind>
         <file>mpy32.obj</file>
         <name>mpy32.obj</name>
      </input_file>
      <input_file id="fl-11">
         <path>.\driverlib\</path>
         <kind>object</kind>
         <file>pmm.obj</file>
         <name>pmm.obj</name>
      </input_file>
      <input_file id="fl-12">
         <path>.\driverlib\</path>
         <kind>object</kind>
         <file>rtc.obj</file>
         <name>rtc.obj</name>
      </input_file>
      <input_file id="fl-13">
         <path>.\driverlib\</path>
         <kind>object</kind>
         <file>sac.obj</file>
         <name>sac.obj</name>
      </input_file>
      <input_file id="fl-14">
         <path>.\driverlib\</path>
         <kind>object</kind>
         <file>sfr.obj</file>
         <name>sfr.obj</name>
      </input_file>
      <input_file id="fl-15">
         <path>.\driverlib\</path>
         <kind>object</kind>
         <file>sysctl.obj</file>
         <name>sysctl.obj</name>
      </input_file>
      <input_file id="fl-16">
         <path>.\driverlib\</path>
         <kind>object</kind>
         <file>tia.obj</file>
         <name>tia.obj</name>
      </input_file>
      <input_file id="fl-17">
         <path>.\driverlib\</path>
         <kind>object</kind>
         <file>timer_a.obj</file>
         <name>timer_a.obj</name>
      </input_file>
      <input_file id="fl-18">
         <path>.\driverlib\</path>
         <kind>object</kind>
         <file>timer_b.obj</file>
         <name>timer_b.obj</name>
      </input_file>
      <input_file id="fl-19">
         <path>.\driverlib\</path>
         <kind>object</kind>
         <file>tlv.obj</file>
         <name>tlv.obj</name>
      </input_file>
      <input_file id="fl-1a">
         <path>.\driverlib\</path>
         <kind>object</kind>
         <file>wdt_a.obj</file>
         <name>wdt_a.obj</name>
      </input_file>
      <input_file id="fl-1f">
         <kind>object</kind>
         <file>&lt;internal&gt;</file>
         <name>&lt;internal&gt;</name>
      </input_file>
      <input_file id="fl-35">
         <path>C:\Software\ccs83\ccsv8\tools\compiler\ti-cgt-msp430_18.1.4.LTS\lib\</path>
         <kind>archive</kind>
         <file>rts430x_lc_sd_eabi.lib</file>
         <name>div16s.asm.obj</name>
      </input_file>
      <input_file id="fl-36">
         <path>C:\Software\ccs83\ccsv8\tools\compiler\ti-cgt-msp430_18.1.4.LTS\lib\</path>
         <kind>archive</kind>
         <file>rts430x_lc_sd_eabi.lib</file>
         <name>div16u.asm.obj</name>
      </input_file>
      <input_file id="fl-37">
         <path>C:\Software\ccs83\ccsv8\tools\compiler\ti-cgt-msp430_18.1.4.LTS\lib\</path>
         <kind>archive</kind>
         <file>rts430x_lc_sd_eabi.lib</file>
         <name>div32s.asm.obj</name>
      </input_file>
      <input_file id="fl-38">
         <path>C:\Software\ccs83\ccsv8\tools\compiler\ti-cgt-msp430_18.1.4.LTS\lib\</path>
         <kind>archive</kind>
         <file>rts430x_lc_sd_eabi.lib</file>
         <name>div32u.asm.obj</name>
      </input_file>
      <input_file id="fl-39">
         <path>C:\Software\ccs83\ccsv8\tools\compiler\ti-cgt-msp430_18.1.4.LTS\lib\</path>
         <kind>archive</kind>
         <file>rts430x_lc_sd_eabi.lib</file>
         <name>int45.asm.obj</name>
      </input_file>
      <input_file id="fl-3a">
         <path>C:\Software\ccs83\ccsv8\tools\compiler\ti-cgt-msp430_18.1.4.LTS\lib\</path>
         <kind>archive</kind>
         <file>rts430x_lc_sd_eabi.lib</file>
         <name>int46.asm.obj</name>
      </input_file>
      <input_file id="fl-3b">
         <path>C:\Software\ccs83\ccsv8\tools\compiler\ti-cgt-msp430_18.1.4.LTS\lib\</path>
         <kind>archive</kind>
         <file>rts430x_lc_sd_eabi.lib</file>
         <name>int47.asm.obj</name>
      </input_file>
      <input_file id="fl-3c">
         <path>C:\Software\ccs83\ccsv8\tools\compiler\ti-cgt-msp430_18.1.4.LTS\lib\</path>
         <kind>archive</kind>
         <file>rts430x_lc_sd_eabi.lib</file>
         <name>int49.asm.obj</name>
      </input_file>
      <input_file id="fl-3d">
         <path>C:\Software\ccs83\ccsv8\tools\compiler\ti-cgt-msp430_18.1.4.LTS\lib\</path>
         <kind>archive</kind>
         <file>rts430x_lc_sd_eabi.lib</file>
         <name>int51.asm.obj</name>
      </input_file>
      <input_file id="fl-3e">
         <path>C:\Software\ccs83\ccsv8\tools\compiler\ti-cgt-msp430_18.1.4.LTS\lib\</path>
         <kind>archive</kind>
         <file>rts430x_lc_sd_eabi.lib</file>
         <name>int52.asm.obj</name>
      </input_file>
      <input_file id="fl-3f">
         <path>C:\Software\ccs83\ccsv8\tools\compiler\ti-cgt-msp430_18.1.4.LTS\lib\</path>
         <kind>archive</kind>
         <file>rts430x_lc_sd_eabi.lib</file>
         <name>int53.asm.obj</name>
      </input_file>
      <input_file id="fl-40">
         <path>C:\Software\ccs83\ccsv8\tools\compiler\ti-cgt-msp430_18.1.4.LTS\lib\</path>
         <kind>archive</kind>
         <file>rts430x_lc_sd_eabi.lib</file>
         <name>int54.asm.obj</name>
      </input_file>
      <input_file id="fl-41">
         <path>C:\Software\ccs83\ccsv8\tools\compiler\ti-cgt-msp430_18.1.4.LTS\lib\</path>
         <kind>archive</kind>
         <file>rts430x_lc_sd_eabi.lib</file>
         <name>int55.asm.obj</name>
      </input_file>
      <input_file id="fl-42">
         <path>C:\Software\ccs83\ccsv8\tools\compiler\ti-cgt-msp430_18.1.4.LTS\lib\</path>
         <kind>archive</kind>
         <file>rts430x_lc_sd_eabi.lib</file>
         <name>int56.asm.obj</name>
      </input_file>
      <input_file id="fl-43">
         <path>C:\Software\ccs83\ccsv8\tools\compiler\ti-cgt-msp430_18.1.4.LTS\lib\</path>
         <kind>archive</kind>
         <file>rts430x_lc_sd_eabi.lib</file>
         <name>int57.asm.obj</name>
      </input_file>
      <input_file id="fl-44">
         <path>C:\Software\ccs83\ccsv8\tools\compiler\ti-cgt-msp430_18.1.4.LTS\lib\</path>
         <kind>archive</kind>
         <file>rts430x_lc_sd_eabi.lib</file>
         <name>int58.asm.obj</name>
      </input_file>
      <input_file id="fl-45">
         <path>C:\Software\ccs83\ccsv8\tools\compiler\ti-cgt-msp430_18.1.4.LTS\lib\</path>
         <kind>archive</kind>
         <file>rts430x_lc_sd_eabi.lib</file>
         <name>isr_trap.asm.obj</name>
      </input_file>
      <input_file id="fl-46">
         <path>C:\Software\ccs83\ccsv8\tools\compiler\ti-cgt-msp430_18.1.4.LTS\lib\</path>
         <kind>archive</kind>
         <file>rts430x_lc_sd_eabi.lib</file>
         <name>lsl16.asm.obj</name>
      </input_file>
      <input_file id="fl-47">
         <path>C:\Software\ccs83\ccsv8\tools\compiler\ti-cgt-msp430_18.1.4.LTS\lib\</path>
         <kind>archive</kind>
         <file>rts430x_lc_sd_eabi.lib</file>
         <name>lsr16.asm.obj</name>
      </input_file>
      <input_file id="fl-48">
         <path>C:\Software\ccs83\ccsv8\tools\compiler\ti-cgt-msp430_18.1.4.LTS\lib\</path>
         <kind>archive</kind>
         <file>rts430x_lc_sd_eabi.lib</file>
         <name>mult32.asm.obj</name>
      </input_file>
      <input_file id="fl-49">
         <path>C:\Software\ccs83\ccsv8\tools\compiler\ti-cgt-msp430_18.1.4.LTS\lib\</path>
         <kind>archive</kind>
         <file>rts430x_lc_sd_eabi.lib</file>
         <name>boot.c.obj</name>
      </input_file>
      <input_file id="fl-4a">
         <path>C:\Software\ccs83\ccsv8\tools\compiler\ti-cgt-msp430_18.1.4.LTS\lib\</path>
         <kind>archive</kind>
         <file>rts430x_lc_sd_eabi.lib</file>
         <name>autoinit.c.obj</name>
      </input_file>
      <input_file id="fl-4b">
         <path>C:\Software\ccs83\ccsv8\tools\compiler\ti-cgt-msp430_18.1.4.LTS\lib\</path>
         <kind>archive</kind>
         <file>rts430x_lc_sd_eabi.lib</file>
         <name>copy_zero_init.c.obj</name>
      </input_file>
      <input_file id="fl-4c">
         <path>C:\Software\ccs83\ccsv8\tools\compiler\ti-cgt-msp430_18.1.4.LTS\lib\</path>
         <kind>archive</kind>
         <file>rts430x_lc_sd_eabi.lib</file>
         <name>cpy_tbl.c.obj</name>
      </input_file>
      <input_file id="fl-4d">
         <path>C:\Software\ccs83\ccsv8\tools\compiler\ti-cgt-msp430_18.1.4.LTS\lib\</path>
         <kind>archive</kind>
         <file>rts430x_lc_sd_eabi.lib</file>
         <name>mpu_init.c.obj</name>
      </input_file>
      <input_file id="fl-4e">
         <path>C:\Software\ccs83\ccsv8\tools\compiler\ti-cgt-msp430_18.1.4.LTS\lib\</path>
         <kind>archive</kind>
         <file>rts430x_lc_sd_eabi.lib</file>
         <name>pre_init.c.obj</name>
      </input_file>
      <input_file id="fl-4f">
         <path>C:\Software\ccs83\ccsv8\tools\compiler\ti-cgt-msp430_18.1.4.LTS\lib\</path>
         <kind>archive</kind>
         <file>rts430x_lc_sd_eabi.lib</file>
         <name>startup.c.obj</name>
      </input_file>
      <input_file id="fl-50">
         <path>C:\Software\ccs83\ccsv8\tools\compiler\ti-cgt-msp430_18.1.4.LTS\lib\</path>
         <kind>archive</kind>
         <file>rts430x_lc_sd_eabi.lib</file>
         <name>copy_decompress_none.c.obj</name>
      </input_file>
      <input_file id="fl-51">
         <path>C:\Software\ccs83\ccsv8\tools\compiler\ti-cgt-msp430_18.1.4.LTS\lib\</path>
         <kind>archive</kind>
         <file>rts430x_lc_sd_eabi.lib</file>
         <name>copy_decompress_lzss.c.obj</name>
      </input_file>
      <input_file id="fl-52">
         <path>C:\Software\ccs83\ccsv8\tools\compiler\ti-cgt-msp430_18.1.4.LTS\lib\</path>
         <kind>archive</kind>
         <file>rts430x_lc_sd_eabi.lib</file>
         <name>exit.c.obj</name>
      </input_file>
      <input_file id="fl-53">
         <path>C:\Software\ccs83\ccsv8\tools\compiler\ti-cgt-msp430_18.1.4.LTS\lib\</path>
         <kind>archive</kind>
         <file>rts430x_lc_sd_eabi.lib</file>
         <name>_lock.c.obj</name>
      </input_file>
      <input_file id="fl-54">
         <path>C:\Software\ccs83\ccsv8\tools\compiler\ti-cgt-msp430_18.1.4.LTS\lib\</path>
         <kind>archive</kind>
         <file>rts430x_lc_sd_eabi.lib</file>
         <name>args_main.c.obj</name>
      </input_file>
      <input_file id="fl-55">
         <path>C:\Software\ccs83\ccsv8\tools\compiler\ti-cgt-msp430_18.1.4.LTS\lib\</path>
         <kind>archive</kind>
         <file>rts430x_lc_sd_eabi.lib</file>
         <name>fputs.c.obj</name>
      </input_file>
      <input_file id="fl-56">
         <path>C:\Software\ccs83\ccsv8\tools\compiler\ti-cgt-msp430_18.1.4.LTS\lib\</path>
         <kind>archive</kind>
         <file>rts430x_lc_sd_eabi.lib</file>
         <name>memchr.c.obj</name>
      </input_file>
      <input_file id="fl-57">
         <path>C:\Software\ccs83\ccsv8\tools\compiler\ti-cgt-msp430_18.1.4.LTS\lib\</path>
         <kind>archive</kind>
         <file>rts430x_lc_sd_eabi.lib</file>
         <name>memcpy.c.obj</name>
      </input_file>
      <input_file id="fl-58">
         <path>C:\Software\ccs83\ccsv8\tools\compiler\ti-cgt-msp430_18.1.4.LTS\lib\</path>
         <kind>archive</kind>
         <file>rts430x_lc_sd_eabi.lib</file>
         <name>strlen.c.obj</name>
      </input_file>
      <input_file id="fl-59">
         <path>C:\Software\ccs83\ccsv8\tools\compiler\ti-cgt-msp430_18.1.4.LTS\lib\</path>
         <kind>archive</kind>
         <file>rts430x_lc_sd_eabi.lib</file>
         <name>write.c.obj</name>
      </input_file>
      <input_file id="fl-5a">
         <path>C:\Software\ccs83\ccsv8\tools\compiler\ti-cgt-msp430_18.1.4.LTS\lib\</path>
         <kind>archive</kind>
         <file>rts430x_lc_sd_eabi.lib</file>
         <name>cpy_util.asm.obj</name>
      </input_file>
      <input_file id="fl-5b">
         <path>C:\Software\ccs83\ccsv8\tools\compiler\ti-cgt-msp430_18.1.4.LTS\lib\</path>
         <kind>archive</kind>
         <file>rts430x_lc_sd_eabi.lib</file>
         <name>mult16.asm.obj</name>
      </input_file>
      <input_file id="fl-5c">
         <path>C:\Software\ccs83\ccsv8\tools\compiler\ti-cgt-msp430_18.1.4.LTS\lib\</path>
         <kind>archive</kind>
         <file>rts430x_lc_sd_eabi.lib</file>
         <name>exit_gvars.c.obj</name>
      </input_file>
      <input_file id="fl-5d">
         <path>C:\Software\ccs83\ccsv8\tools\compiler\ti-cgt-msp430_18.1.4.LTS\lib\</path>
         <kind>archive</kind>
         <file>rts430x_lc_sd_eabi.lib</file>
         <name>_io_perm.c.obj</name>
      </input_file>
      <input_file id="fl-5e">
         <path>C:\Software\ccs83\ccsv8\tools\compiler\ti-cgt-msp430_18.1.4.LTS\lib\</path>
         <kind>archive</kind>
         <file>rts430x_lc_sd_eabi.lib</file>
         <name>defs.c.obj</name>
      </input_file>
      <input_file id="fl-5f">
         <path>C:\Software\ccs83\ccsv8\tools\compiler\ti-cgt-msp430_18.1.4.LTS\lib\</path>
         <kind>archive</kind>
         <file>rts430x_lc_sd_eabi.lib</file>
         <name>fflush.c.obj</name>
      </input_file>
      <input_file id="fl-60">
         <path>C:\Software\ccs83\ccsv8\tools\compiler\ti-cgt-msp430_18.1.4.LTS\lib\</path>
         <kind>archive</kind>
         <file>rts430x_lc_sd_eabi.lib</file>
         <name>fseek.c.obj</name>
      </input_file>
      <input_file id="fl-61">
         <path>C:\Software\ccs83\ccsv8\tools\compiler\ti-cgt-msp430_18.1.4.LTS\lib\</path>
         <kind>archive</kind>
         <file>rts430x_lc_sd_eabi.lib</file>
         <name>lseek.c.obj</name>
      </input_file>
      <input_file id="fl-62">
         <path>C:\Software\ccs83\ccsv8\tools\compiler\ti-cgt-msp430_18.1.4.LTS\lib\</path>
         <kind>archive</kind>
         <file>rts430x_lc_sd_eabi.lib</file>
         <name>setvbuf.c.obj</name>
      </input_file>
      <input_file id="fl-63">
         <path>C:\Software\ccs83\ccsv8\tools\compiler\ti-cgt-msp430_18.1.4.LTS\lib\</path>
         <kind>archive</kind>
         <file>rts430x_lc_sd_eabi.lib</file>
         <name>hostclose.c.obj</name>
      </input_file>
      <input_file id="fl-64">
         <path>C:\Software\ccs83\ccsv8\tools\compiler\ti-cgt-msp430_18.1.4.LTS\lib\</path>
         <kind>archive</kind>
         <file>rts430x_lc_sd_eabi.lib</file>
         <name>hostlseek.c.obj</name>
      </input_file>
      <input_file id="fl-65">
         <path>C:\Software\ccs83\ccsv8\tools\compiler\ti-cgt-msp430_18.1.4.LTS\lib\</path>
         <kind>archive</kind>
         <file>rts430x_lc_sd_eabi.lib</file>
         <name>hostopen.c.obj</name>
      </input_file>
      <input_file id="fl-66">
         <path>C:\Software\ccs83\ccsv8\tools\compiler\ti-cgt-msp430_18.1.4.LTS\lib\</path>
         <kind>archive</kind>
         <file>rts430x_lc_sd_eabi.lib</file>
         <name>hostread.c.obj</name>
      </input_file>
      <input_file id="fl-67">
         <path>C:\Software\ccs83\ccsv8\tools\compiler\ti-cgt-msp430_18.1.4.LTS\lib\</path>
         <kind>archive</kind>
         <file>rts430x_lc_sd_eabi.lib</file>
         <name>hostrename.c.obj</name>
      </input_file>
      <input_file id="fl-68">
         <path>C:\Software\ccs83\ccsv8\tools\compiler\ti-cgt-msp430_18.1.4.LTS\lib\</path>
         <kind>archive</kind>
         <file>rts430x_lc_sd_eabi.lib</file>
         <name>hostunlink.c.obj</name>
      </input_file>
      <input_file id="fl-69">
         <path>C:\Software\ccs83\ccsv8\tools\compiler\ti-cgt-msp430_18.1.4.LTS\lib\</path>
         <kind>archive</kind>
         <file>rts430x_lc_sd_eabi.lib</file>
         <name>hostwrite.c.obj</name>
      </input_file>
      <input_file id="fl-6a">
         <path>C:\Software\ccs83\ccsv8\tools\compiler\ti-cgt-msp430_18.1.4.LTS\lib\</path>
         <kind>archive</kind>
         <file>rts430x_lc_sd_eabi.lib</file>
         <name>trgmsg.c.obj</name>
      </input_file>
      <input_file id="fl-6b">
         <path>C:\Software\ccs83\ccsv8\tools\compiler\ti-cgt-msp430_18.1.4.LTS\lib\</path>
         <kind>archive</kind>
         <file>rts430x_lc_sd_eabi.lib</file>
         <name>lsl32.asm.obj</name>
      </input_file>
      <input_file id="fl-6c">
         <path>C:\Software\ccs83\ccsv8\tools\compiler\ti-cgt-msp430_18.1.4.LTS\lib\</path>
         <kind>archive</kind>
         <file>rts430x_lc_sd_eabi.lib</file>
         <name>memory.c.obj</name>
      </input_file>
      <input_file id="fl-6d">
         <path>C:\Software\ccs83\ccsv8\tools\compiler\ti-cgt-msp430_18.1.4.LTS\lib\</path>
         <kind>archive</kind>
         <file>rts430x_lc_sd_eabi.lib</file>
         <name>fopen.c.obj</name>
      </input_file>
      <input_file id="fl-6e">
         <path>C:\Software\ccs83\ccsv8\tools\compiler\ti-cgt-msp430_18.1.4.LTS\lib\</path>
         <kind>archive</kind>
         <file>rts430x_lc_sd_eabi.lib</file>
         <name>memset.c.obj</name>
      </input_file>
      <input_file id="fl-6f">
         <path>C:\Software\ccs83\ccsv8\tools\compiler\ti-cgt-msp430_18.1.4.LTS\lib\</path>
         <kind>archive</kind>
         <file>rts430x_lc_sd_eabi.lib</file>
         <name>open.c.obj</name>
      </input_file>
      <input_file id="fl-70">
         <path>C:\Software\ccs83\ccsv8\tools\compiler\ti-cgt-msp430_18.1.4.LTS\lib\</path>
         <kind>archive</kind>
         <file>rts430x_lc_sd_eabi.lib</file>
         <name>strcpy.c.obj</name>
      </input_file>
      <input_file id="fl-71">
         <path>C:\Software\ccs83\ccsv8\tools\compiler\ti-cgt-msp430_18.1.4.LTS\lib\</path>
         <kind>archive</kind>
         <file>rts430x_lc_sd_eabi.lib</file>
         <name>fclose.c.obj</name>
      </input_file>
      <input_file id="fl-72">
         <path>C:\Software\ccs83\ccsv8\tools\compiler\ti-cgt-msp430_18.1.4.LTS\lib\</path>
         <kind>archive</kind>
         <file>rts430x_lc_sd_eabi.lib</file>
         <name>getdevice.c.obj</name>
      </input_file>
      <input_file id="fl-73">
         <path>C:\Software\ccs83\ccsv8\tools\compiler\ti-cgt-msp430_18.1.4.LTS\lib\</path>
         <kind>archive</kind>
         <file>rts430x_lc_sd_eabi.lib</file>
         <name>remove.c.obj</name>
      </input_file>
      <input_file id="fl-74">
         <path>C:\Software\ccs83\ccsv8\tools\compiler\ti-cgt-msp430_18.1.4.LTS\lib\</path>
         <kind>archive</kind>
         <file>rts430x_lc_sd_eabi.lib</file>
         <name>strchr.c.obj</name>
      </input_file>
      <input_file id="fl-75">
         <path>C:\Software\ccs83\ccsv8\tools\compiler\ti-cgt-msp430_18.1.4.LTS\lib\</path>
         <kind>archive</kind>
         <file>rts430x_lc_sd_eabi.lib</file>
         <name>strcmp.c.obj</name>
      </input_file>
      <input_file id="fl-76">
         <path>C:\Software\ccs83\ccsv8\tools\compiler\ti-cgt-msp430_18.1.4.LTS\lib\</path>
         <kind>archive</kind>
         <file>rts430x_lc_sd_eabi.lib</file>
         <name>strncpy.c.obj</name>
      </input_file>
      <input_file id="fl-77">
         <path>C:\Software\ccs83\ccsv8\tools\compiler\ti-cgt-msp430_18.1.4.LTS\lib\</path>
         <kind>archive</kind>
         <file>rts430x_lc_sd_eabi.lib</file>
         <name>unlink.c.obj</name>
      </input_file>
      <input_file id="fl-78">
         <path>C:\Software\ccs83\ccsv8\tools\compiler\ti-cgt-msp430_18.1.4.LTS\lib\</path>
         <kind>archive</kind>
         <file>rts430x_lc_sd_eabi.lib</file>
         <name>close.c.obj</name>
      </input_file>
   </input_file_list>
   <object_component_list>
      <object_component id="oc-7a6">
         <name>.cinit..data.load</name>
         <load_address>0xc400</load_address>
         <run_address>0xc400</run_address>
         <size>0x144</size>
      </object_component>
      <object_component id="oc-7a3">
         <name>__TI_handler_table</name>
         <load_address>0xc546</load_address>
         <run_address>0xc546</run_address>
         <size>0xc</size>
      </object_component>
      <object_component id="oc-7a5">
         <name>.cinit..bss.load</name>
         <load_address>0xc552</load_address>
         <run_address>0xc552</run_address>
         <size>0x6</size>
      </object_component>
      <object_component id="oc-7a4">
         <name>__TI_cinit_table</name>
         <load_address>0xc558</load_address>
         <run_address>0xc558</run_address>
         <size>0x10</size>
      </object_component>
      <object_component id="oc-73b">
         <name>.binit</name>
         <load_address>0xc568</load_address>
         <run_address>0xc568</run_address>
         <size>0x0</size>
      </object_component>
      <object_component id="oc-5a1">
         <name>.const:alphabetBig</name>
         <load_address>0xc568</load_address>
         <run_address>0xc568</run_address>
         <size>0x34</size>
         <input_file_ref idref="fl-2"/>
      </object_component>
      <object_component id="oc-3a3">
         <name>.const:.string</name>
         <load_address>0xc59c</load_address>
         <run_address>0xc59c</run_address>
         <size>0x1e</size>
         <input_file_ref idref="fl-3"/>
      </object_component>
      <object_component id="oc-4ea">
         <name>.const:GPIO_PORT_TO_BASE</name>
         <load_address>0xc5ba</load_address>
         <run_address>0xc5ba</run_address>
         <size>0x1c</size>
         <input_file_ref idref="fl-d"/>
      </object_component>
      <object_component id="oc-5a4">
         <name>.const:digit</name>
         <load_address>0xc5d6</load_address>
         <run_address>0xc5d6</run_address>
         <size>0x14</size>
         <input_file_ref idref="fl-2"/>
      </object_component>
      <object_component id="oc-47f">
         <name>.const:$P$T0$1</name>
         <load_address>0xc5ea</load_address>
         <run_address>0xc5ea</run_address>
         <size>0x10</size>
         <input_file_ref idref="fl-3"/>
      </object_component>
      <object_component id="oc-4e7">
         <name>.const:.string</name>
         <load_address>0xc5fa</load_address>
         <run_address>0xc5fa</run_address>
         <size>0x2</size>
         <input_file_ref idref="fl-55"/>
      </object_component>
      <object_component id="oc-64">
         <name>.text:decompress:lzss:__TI_decompress_lzss</name>
         <load_address>0xc5fc</load_address>
         <run_address>0xc5fc</run_address>
         <size>0xee</size>
         <input_file_ref idref="fl-51"/>
      </object_component>
      <object_component id="oc-4e1">
         <name>.text:fputs</name>
         <load_address>0xc6ea</load_address>
         <run_address>0xc6ea</run_address>
         <size>0xde</size>
         <input_file_ref idref="fl-55"/>
      </object_component>
      <object_component id="oc-5ed">
         <name>.text:setvbuf</name>
         <load_address>0xc7c8</load_address>
         <run_address>0xc7c8</run_address>
         <size>0xcc</size>
         <input_file_ref idref="fl-62"/>
      </object_component>
      <object_component id="oc-397">
         <name>.text:Init_LCD</name>
         <load_address>0xc894</load_address>
         <run_address>0xc894</run_address>
         <size>0xc4</size>
         <input_file_ref idref="fl-2"/>
      </object_component>
      <object_component id="oc-472">
         <name>.text:CS_initClockSignal</name>
         <load_address>0xc958</load_address>
         <run_address>0xc958</run_address>
         <size>0xb8</size>
         <input_file_ref idref="fl-6"/>
      </object_component>
      <object_component id="oc-335">
         <name>.text:main</name>
         <load_address>0xca10</load_address>
         <run_address>0xca10</run_address>
         <size>0xb6</size>
         <input_file_ref idref="fl-3"/>
      </object_component>
      <object_component id="oc-379">
         <name>.text:Init_GPIO</name>
         <load_address>0xcac6</load_address>
         <run_address>0xcac6</run_address>
         <size>0xb0</size>
         <input_file_ref idref="fl-3"/>
      </object_component>
      <object_component id="oc-625">
         <name>.text:malloc</name>
         <load_address>0xcb76</load_address>
         <run_address>0xcb76</run_address>
         <size>0xae</size>
         <input_file_ref idref="fl-6c"/>
      </object_component>
      <object_component id="oc-488">
         <name>.text:EUSCI_A_UART_init</name>
         <load_address>0xcc24</load_address>
         <run_address>0xcc24</run_address>
         <size>0x8e</size>
         <input_file_ref idref="fl-9"/>
      </object_component>
      <object_component id="oc-4fc">
         <name>.text:showChar</name>
         <load_address>0xccb2</load_address>
         <run_address>0xccb2</run_address>
         <size>0x8c</size>
         <input_file_ref idref="fl-2"/>
      </object_component>
      <object_component id="oc-49b">
         <name>.text:LCD_E_setPinAsLCDFunctionEx</name>
         <load_address>0xcd3e</load_address>
         <run_address>0xcd3e</run_address>
         <size>0x84</size>
         <input_file_ref idref="fl-f"/>
      </object_component>
      <object_component id="oc-688">
         <name>.text:HOSTlseek</name>
         <load_address>0xcdc2</load_address>
         <run_address>0xcdc2</run_address>
         <size>0x82</size>
         <input_file_ref idref="fl-64"/>
      </object_component>
      <object_component id="oc-391">
         <name>.text:Init_UART</name>
         <load_address>0xce44</load_address>
         <run_address>0xce44</run_address>
         <size>0x80</size>
         <input_file_ref idref="fl-3"/>
      </object_component>
      <object_component id="oc-61f">
         <name>.text:free</name>
         <load_address>0xcec4</load_address>
         <run_address>0xcec4</run_address>
         <size>0x80</size>
         <input_file_ref idref="fl-6c"/>
      </object_component>
      <object_component id="oc-570">
         <name>.text:__TI_wrt_ok</name>
         <load_address>0xcf44</load_address>
         <run_address>0xcf44</run_address>
         <size>0x7a</size>
         <input_file_ref idref="fl-5d"/>
      </object_component>
      <object_component id="oc-4c5">
         <name>.text:LCD_E_setPinAsCOM</name>
         <load_address>0xcfbe</load_address>
         <run_address>0xcfbe</run_address>
         <size>0x6e</size>
         <input_file_ref idref="fl-f"/>
      </object_component>
      <object_component id="oc-694">
         <name>.text:HOSTrename</name>
         <load_address>0xd02c</load_address>
         <run_address>0xd02c</run_address>
         <size>0x6a</size>
         <input_file_ref idref="fl-67"/>
      </object_component>
      <object_component id="oc-3f8">
         <name>.text:__TI_auto_init_nobinit_nopinit_hold_wdt:__TI_auto_init_nobinit_nopinit_hold_wdt</name>
         <load_address>0xd096</load_address>
         <run_address>0xd096</run_address>
         <size>0x6a</size>
         <input_file_ref idref="fl-4a"/>
      </object_component>
      <object_component id="oc-5e7">
         <name>.text:fseek</name>
         <load_address>0xd100</load_address>
         <run_address>0xd100</run_address>
         <size>0x6a</size>
         <input_file_ref idref="fl-60"/>
      </object_component>
      <object_component id="oc-664">
         <name>.text:__TI_closefile</name>
         <load_address>0xd16a</load_address>
         <run_address>0xd16a</run_address>
         <size>0x68</size>
         <input_file_ref idref="fl-71"/>
      </object_component>
      <object_component id="oc-670">
         <name>.text:HOSTopen</name>
         <load_address>0xd1d2</load_address>
         <run_address>0xd1d2</run_address>
         <size>0x64</size>
         <input_file_ref idref="fl-65"/>
      </object_component>
      <object_component id="oc-582">
         <name>.text:__TI_doflush</name>
         <load_address>0xd236</load_address>
         <run_address>0xd236</run_address>
         <size>0x62</size>
         <input_file_ref idref="fl-5f"/>
      </object_component>
      <object_component id="oc-682">
         <name>.text:HOSTwrite</name>
         <load_address>0xd298</load_address>
         <run_address>0xd298</run_address>
         <size>0x60</size>
         <input_file_ref idref="fl-69"/>
      </object_component>
      <object_component id="oc-67c">
         <name>.text:HOSTread</name>
         <load_address>0xd2f8</load_address>
         <run_address>0xd2f8</run_address>
         <size>0x5e</size>
         <input_file_ref idref="fl-66"/>
      </object_component>
      <object_component id="oc-3c1">
         <name>.text:Timer_A_outputPWM</name>
         <load_address>0xd356</load_address>
         <run_address>0xd356</run_address>
         <size>0x56</size>
         <input_file_ref idref="fl-17"/>
      </object_component>
      <object_component id="oc-6dd">
         <name>.text:getdevice</name>
         <load_address>0xd3ac</load_address>
         <run_address>0xd3ac</run_address>
         <size>0x54</size>
         <input_file_ref idref="fl-72"/>
      </object_component>
      <object_component id="oc-385">
         <name>.text:Init_ADC</name>
         <load_address>0xd400</load_address>
         <run_address>0xd400</run_address>
         <size>0x52</size>
         <input_file_ref idref="fl-3"/>
      </object_component>
      <object_component id="oc-3c7">
         <name>.text:showHex</name>
         <load_address>0xd452</load_address>
         <run_address>0xd452</run_address>
         <size>0x52</size>
         <input_file_ref idref="fl-2"/>
      </object_component>
      <object_component id="oc-6a3">
         <name>.text:close</name>
         <load_address>0xd4a4</load_address>
         <run_address>0xd4a4</run_address>
         <size>0x4a</size>
         <input_file_ref idref="fl-78"/>
      </object_component>
      <object_component id="oc-3da">
         <name>.text:exit</name>
         <load_address>0xd4ee</load_address>
         <run_address>0xd4ee</run_address>
         <size>0x48</size>
         <input_file_ref idref="fl-52"/>
      </object_component>
      <object_component id="oc-676">
         <name>.text:HOSTclose</name>
         <load_address>0xd536</load_address>
         <run_address>0xd536</run_address>
         <size>0x46</size>
         <input_file_ref idref="fl-63"/>
      </object_component>
      <object_component id="oc-68e">
         <name>.text:HOSTunlink</name>
         <load_address>0xd57c</load_address>
         <run_address>0xd57c</run_address>
         <size>0x42</size>
         <input_file_ref idref="fl-68"/>
      </object_component>
      <object_component id="oc-28d">
         <name>.text:__memcpy_far</name>
         <load_address>0xd5be</load_address>
         <run_address>0xd5be</run_address>
         <size>0x40</size>
         <input_file_ref idref="fl-5a"/>
      </object_component>
      <object_component id="oc-2aa">
         <name>.text:decompress:ZI:__TI_zero_init_nomemset:__TI_zero_init_nomemset</name>
         <load_address>0xd5fe</load_address>
         <run_address>0xd5fe</run_address>
         <size>0x3e</size>
         <input_file_ref idref="fl-4b"/>
      </object_component>
      <object_component id="oc-6ca">
         <name>.text:l_lsl_const</name>
         <load_address>0xd63c</load_address>
         <run_address>0xd63c</run_address>
         <size>0x3e</size>
         <input_file_ref idref="fl-6b"/>
      </object_component>
      <object_component id="oc-38b">
         <name>.text:Init_Clock</name>
         <load_address>0xd67a</load_address>
         <run_address>0xd67a</run_address>
         <size>0x3c</size>
         <input_file_ref idref="fl-3"/>
      </object_component>
      <object_component id="oc-6a">
         <name>.text:decompress:none:__TI_decompress_none</name>
         <load_address>0xd6b6</load_address>
         <run_address>0xd6b6</run_address>
         <size>0x3c</size>
         <input_file_ref idref="fl-50"/>
      </object_component>
      <object_component id="oc-65d">
         <name>.text:minit</name>
         <load_address>0xd6f2</load_address>
         <run_address>0xd6f2</run_address>
         <size>0x38</size>
         <input_file_ref idref="fl-6c"/>
      </object_component>
      <object_component id="oc-44d">
         <name>.text:ADC_init</name>
         <load_address>0xd72a</load_address>
         <run_address>0xd72a</run_address>
         <size>0x34</size>
         <input_file_ref idref="fl-4"/>
      </object_component>
      <object_component id="oc-447">
         <name>.text:GPIO_setAsPeripheralModuleFunctionInputPin</name>
         <load_address>0xd75e</load_address>
         <run_address>0xd75e</run_address>
         <size>0x32</size>
         <input_file_ref idref="fl-d"/>
      </object_component>
      <object_component id="oc-62b">
         <name>.text:__TI_cleanup</name>
         <load_address>0xd790</load_address>
         <run_address>0xd790</run_address>
         <size>0x32</size>
         <input_file_ref idref="fl-6d"/>
      </object_component>
      <object_component id="oc-2a4">
         <name>.text:_isr:EUSCIA0_ISR</name>
         <load_address>0xd7c2</load_address>
         <run_address>0xd7c2</run_address>
         <size>0x32</size>
         <input_file_ref idref="fl-3"/>
      </object_component>
      <object_component id="oc-45f">
         <name>.text:ADC_configureMemory</name>
         <load_address>0xd7f4</load_address>
         <run_address>0xd7f4</run_address>
         <size>0x30</size>
         <input_file_ref idref="fl-4"/>
      </object_component>
      <object_component id="oc-478">
         <name>.text:CS_turnOnXT1LF</name>
         <load_address>0xd824</load_address>
         <run_address>0xd824</run_address>
         <size>0x30</size>
         <input_file_ref idref="fl-6"/>
      </object_component>
      <object_component id="oc-29e">
         <name>.text:_isr:ADC_ISR</name>
         <load_address>0xd854</load_address>
         <run_address>0xd854</run_address>
         <size>0x30</size>
         <input_file_ref idref="fl-3"/>
      </object_component>
      <object_component id="oc-440">
         <name>.text:GPIO_setAsPeripheralModuleFunctionOutputPin</name>
         <load_address>0xd884</load_address>
         <run_address>0xd884</run_address>
         <size>0x2e</size>
         <input_file_ref idref="fl-d"/>
      </object_component>
      <object_component id="oc-6b7">
         <name>.text:__TI_writemsg</name>
         <load_address>0xd8b2</load_address>
         <run_address>0xd8b2</run_address>
         <size>0x2e</size>
         <input_file_ref idref="fl-6a"/>
      </object_component>
      <object_component id="oc-70c">
         <name>.text:finddevice</name>
         <load_address>0xd8e0</load_address>
         <run_address>0xd8e0</run_address>
         <size>0x2e</size>
         <input_file_ref idref="fl-72"/>
      </object_component>
      <object_component id="oc-37f">
         <name>.text:Init_PWM</name>
         <load_address>0xd90e</load_address>
         <run_address>0xd90e</run_address>
         <size>0x2c</size>
         <input_file_ref idref="fl-3"/>
      </object_component>
      <object_component id="oc-6bd">
         <name>.text:__TI_readmsg</name>
         <load_address>0xd93a</load_address>
         <run_address>0xd93a</run_address>
         <size>0x2c</size>
         <input_file_ref idref="fl-6a"/>
      </object_component>
      <object_component id="oc-59c">
         <name>.text</name>
         <load_address>0xd966</load_address>
         <run_address>0xd966</run_address>
         <size>0x2c</size>
         <input_file_ref idref="fl-35"/>
      </object_component>
      <object_component id="oc-706">
         <name>.text:strncpy</name>
         <load_address>0xd992</load_address>
         <run_address>0xd992</run_address>
         <size>0x2c</size>
         <input_file_ref idref="fl-76"/>
      </object_component>
      <object_component id="oc-6aa">
         <name>.text:unlink</name>
         <load_address>0xd9be</load_address>
         <run_address>0xd9be</run_address>
         <size>0x2a</size>
         <input_file_ref idref="fl-77"/>
      </object_component>
      <object_component id="oc-4a1">
         <name>.text:LCD_E_init</name>
         <load_address>0xd9e8</load_address>
         <run_address>0xd9e8</run_address>
         <size>0x28</size>
         <input_file_ref idref="fl-f"/>
      </object_component>
      <object_component id="oc-42d">
         <name>.text:GPIO_setAsInputPinWithPullUpResistor</name>
         <load_address>0xda10</load_address>
         <run_address>0xda10</run_address>
         <size>0x26</size>
         <input_file_ref idref="fl-d"/>
      </object_component>
      <object_component id="oc-617">
         <name>.text:lseek</name>
         <load_address>0xda36</load_address>
         <run_address>0xda36</run_address>
         <size>0x26</size>
         <input_file_ref idref="fl-61"/>
      </object_component>
      <object_component id="oc-588">
         <name>.text:write</name>
         <load_address>0xda5c</load_address>
         <run_address>0xda5c</run_address>
         <size>0x24</size>
         <input_file_ref idref="fl-59"/>
      </object_component>
      <object_component id="oc-3a4">
         <name>.text:puts</name>
         <load_address>0xda80</load_address>
         <run_address>0xda80</run_address>
         <size>0x20</size>
         <input_file_ref idref="fl-55"/>
      </object_component>
      <object_component id="oc-55b">
         <name>.text:setLCDFunction</name>
         <load_address>0xdaa0</load_address>
         <run_address>0xdaa0</run_address>
         <size>0x20</size>
         <input_file_ref idref="fl-f"/>
      </object_component>
      <object_component id="oc-2bc">
         <name>.text:_isr:_c_int00_noargs</name>
         <load_address>0xdac0</load_address>
         <run_address>0xdac0</run_address>
         <size>0x1c</size>
         <input_file_ref idref="fl-49"/>
      </object_component>
      <object_component id="oc-3cd">
         <name>.text:ADC_startConversion</name>
         <load_address>0xdadc</load_address>
         <run_address>0xdadc</run_address>
         <size>0x1a</size>
         <input_file_ref idref="fl-4"/>
      </object_component>
      <object_component id="oc-3b0">
         <name>.text:GPIO_getInputPinValue</name>
         <load_address>0xdaf6</load_address>
         <run_address>0xdaf6</run_address>
         <size>0x1a</size>
         <input_file_ref idref="fl-d"/>
      </object_component>
      <object_component id="oc-433">
         <name>.text:GPIO_setAsOutputPin</name>
         <load_address>0xdb10</load_address>
         <run_address>0xdb10</run_address>
         <size>0x1a</size>
         <input_file_ref idref="fl-d"/>
      </object_component>
      <object_component id="oc-700">
         <name>.text:strchr</name>
         <load_address>0xdb2a</load_address>
         <run_address>0xdb2a</run_address>
         <size>0x1a</size>
         <input_file_ref idref="fl-74"/>
      </object_component>
      <object_component id="oc-725">
         <name>.text:strcmp</name>
         <load_address>0xdb44</load_address>
         <run_address>0xdb44</run_address>
         <size>0x18</size>
         <input_file_ref idref="fl-75"/>
      </object_component>
      <object_component id="oc-494">
         <name>.text:EUSCI_A_UART_enableInterrupt</name>
         <load_address>0xdb5c</load_address>
         <run_address>0xdb5c</run_address>
         <size>0x16</size>
         <input_file_ref idref="fl-9"/>
      </object_component>
      <object_component id="oc-3aa">
         <name>.text:GPIO_setOutputHighOnPin</name>
         <load_address>0xdb72</load_address>
         <run_address>0xdb72</run_address>
         <size>0x16</size>
         <input_file_ref idref="fl-d"/>
      </object_component>
      <object_component id="oc-439">
         <name>.text:GPIO_setOutputLowOnPin</name>
         <load_address>0xdb88</load_address>
         <run_address>0xdb88</run_address>
         <size>0x16</size>
         <input_file_ref idref="fl-d"/>
      </object_component>
      <object_component id="oc-600">
         <name>.text</name>
         <load_address>0xdb9e</load_address>
         <run_address>0xdb9e</run_address>
         <size>0x16</size>
         <input_file_ref idref="fl-36"/>
      </object_component>
      <object_component id="oc-459">
         <name>.text:ADC_setupSamplingTimer</name>
         <load_address>0xdbb4</load_address>
         <run_address>0xdbb4</run_address>
         <size>0x14</size>
         <input_file_ref idref="fl-4"/>
      </object_component>
      <object_component id="oc-31b">
         <name>.text:EUSCI_A_UART_receiveData</name>
         <load_address>0xdbc8</load_address>
         <run_address>0xdbc8</run_address>
         <size>0x14</size>
         <input_file_ref idref="fl-9"/>
      </object_component>
      <object_component id="oc-321">
         <name>.text:EUSCI_A_UART_transmitData</name>
         <load_address>0xdbdc</load_address>
         <run_address>0xdbdc</run_address>
         <size>0x14</size>
         <input_file_ref idref="fl-9"/>
      </object_component>
      <object_component id="oc-373">
         <name>.text:WDT_A_hold</name>
         <load_address>0xdbf0</load_address>
         <run_address>0xdbf0</run_address>
         <size>0x14</size>
         <input_file_ref idref="fl-1a"/>
      </object_component>
      <object_component id="oc-57c">
         <name>.text:memchr</name>
         <load_address>0xdc04</load_address>
         <run_address>0xdc04</run_address>
         <size>0x14</size>
         <input_file_ref idref="fl-56"/>
      </object_component>
      <object_component id="oc-4a7">
         <name>.text:LCD_E_setVLCDSource</name>
         <load_address>0xdc18</load_address>
         <run_address>0xdc18</run_address>
         <size>0x12</size>
         <input_file_ref idref="fl-f"/>
      </object_component>
      <object_component id="oc-482">
         <name>.text:memcpy</name>
         <load_address>0xdc2a</load_address>
         <run_address>0xdc2a</run_address>
         <size>0x12</size>
         <input_file_ref idref="fl-57"/>
      </object_component>
      <object_component id="oc-6d3">
         <name>.text:strcpy</name>
         <load_address>0xdc3c</load_address>
         <run_address>0xdc3c</run_address>
         <size>0x10</size>
         <input_file_ref idref="fl-70"/>
      </object_component>
      <object_component id="oc-4cb">
         <name>.text:LCD_E_selectDisplayMemory</name>
         <load_address>0xdc4c</load_address>
         <run_address>0xdc4c</run_address>
         <size>0xe</size>
         <input_file_ref idref="fl-f"/>
      </object_component>
      <object_component id="oc-4b9">
         <name>.text:LCD_E_setChargePumpFreq</name>
         <load_address>0xdc5a</load_address>
         <run_address>0xdc5a</run_address>
         <size>0xe</size>
         <input_file_ref idref="fl-f"/>
      </object_component>
      <object_component id="oc-4ad">
         <name>.text:LCD_E_setVLCDVoltage</name>
         <load_address>0xdc68</load_address>
         <run_address>0xdc68</run_address>
         <size>0xe</size>
         <input_file_ref idref="fl-f"/>
      </object_component>
      <object_component id="oc-576">
         <name>.text:strlen</name>
         <load_address>0xdc76</load_address>
         <run_address>0xdc76</run_address>
         <size>0xe</size>
         <input_file_ref idref="fl-58"/>
      </object_component>
      <object_component id="oc-4d1">
         <name>.text:LCD_E_on</name>
         <load_address>0xdc84</load_address>
         <run_address>0xdc84</run_address>
         <size>0xc</size>
         <input_file_ref idref="fl-f"/>
      </object_component>
      <object_component id="oc-46c">
         <name>.text:CS_setExternalClockSource</name>
         <load_address>0xdc90</load_address>
         <run_address>0xdc90</run_address>
         <size>0xa</size>
         <input_file_ref idref="fl-6"/>
      </object_component>
      <object_component id="oc-541">
         <name>.text</name>
         <load_address>0xdc9a</load_address>
         <run_address>0xdc9a</run_address>
         <size>0xa</size>
         <input_file_ref idref="fl-46"/>
      </object_component>
      <object_component id="oc-556">
         <name>.text</name>
         <load_address>0xdca4</load_address>
         <run_address>0xdca4</run_address>
         <size>0xa</size>
         <input_file_ref idref="fl-47"/>
      </object_component>
      <object_component id="oc-453">
         <name>.text:ADC_enable</name>
         <load_address>0xdcae</load_address>
         <run_address>0xdcae</run_address>
         <size>0x8</size>
         <input_file_ref idref="fl-4"/>
      </object_component>
      <object_component id="oc-2f4">
         <name>.text:ADC_getInterruptStatus</name>
         <load_address>0xdcb6</load_address>
         <run_address>0xdcb6</run_address>
         <size>0x8</size>
         <input_file_ref idref="fl-4"/>
      </object_component>
      <object_component id="oc-30f">
         <name>.text:EUSCI_A_UART_getInterruptStatus</name>
         <load_address>0xdcbe</load_address>
         <run_address>0xdcbe</run_address>
         <size>0x8</size>
         <input_file_ref idref="fl-9"/>
      </object_component>
      <object_component id="oc-4b3">
         <name>.text:LCD_E_enableChargePump</name>
         <load_address>0xdcc6</load_address>
         <run_address>0xdcc6</run_address>
         <size>0x8</size>
         <input_file_ref idref="fl-f"/>
      </object_component>
      <object_component id="oc-3b6">
         <name>.text:Timer_A_stop</name>
         <load_address>0xdcce</load_address>
         <run_address>0xdcce</run_address>
         <size>0x8</size>
         <input_file_ref idref="fl-17"/>
      </object_component>
      <object_component id="oc-299">
         <name>.text:_isr:__TI_ISR_TRAP</name>
         <load_address>0xdcd6</load_address>
         <run_address>0xdcd6</run_address>
         <size>0x8</size>
         <input_file_ref idref="fl-45"/>
      </object_component>
      <object_component id="oc-2fa">
         <name>.text:ADC_clearInterrupt</name>
         <load_address>0xdcde</load_address>
         <run_address>0xdcde</run_address>
         <size>0x6</size>
         <input_file_ref idref="fl-4"/>
      </object_component>
      <object_component id="oc-465">
         <name>.text:ADC_enableInterrupt</name>
         <load_address>0xdce4</load_address>
         <run_address>0xdce4</run_address>
         <size>0x6</size>
         <input_file_ref idref="fl-4"/>
      </object_component>
      <object_component id="oc-303">
         <name>.text:ADC_getResults</name>
         <load_address>0xdcea</load_address>
         <run_address>0xdcea</run_address>
         <size>0x6</size>
         <input_file_ref idref="fl-4"/>
      </object_component>
      <object_component id="oc-315">
         <name>.text:EUSCI_A_UART_clearInterrupt</name>
         <load_address>0xdcf0</load_address>
         <run_address>0xdcf0</run_address>
         <size>0x6</size>
         <input_file_ref idref="fl-9"/>
      </object_component>
      <object_component id="oc-48e">
         <name>.text:EUSCI_A_UART_enable</name>
         <load_address>0xdcf6</load_address>
         <run_address>0xdcf6</run_address>
         <size>0x6</size>
         <input_file_ref idref="fl-9"/>
      </object_component>
      <object_component id="oc-4bf">
         <name>.text:LCD_E_clearAllMemory</name>
         <load_address>0xdcfc</load_address>
         <run_address>0xdcfc</run_address>
         <size>0x6</size>
         <input_file_ref idref="fl-f"/>
      </object_component>
      <object_component id="oc-39d">
         <name>.text:PMM_unlockLPM5</name>
         <load_address>0xdd02</load_address>
         <run_address>0xdd02</run_address>
         <size>0x6</size>
         <input_file_ref idref="fl-11"/>
      </object_component>
      <object_component id="oc-3d4">
         <name>.text:abort</name>
         <load_address>0xdd08</load_address>
         <run_address>0xdd08</run_address>
         <size>0x6</size>
         <input_file_ref idref="fl-52"/>
      </object_component>
      <object_component id="oc-32f">
         <name>.text:_system_pre_init</name>
         <load_address>0xdd0e</load_address>
         <run_address>0xdd0e</run_address>
         <size>0x4</size>
         <input_file_ref idref="fl-4e"/>
      </object_component>
      <object_component id="oc-5aa">
         <name>.text:_nop</name>
         <load_address>0xdd12</load_address>
         <run_address>0xdd12</run_address>
         <size>0x2</size>
         <input_file_ref idref="fl-53"/>
      </object_component>
      <object_component id="oc-516">
         <name>.text:_system_post_cinit</name>
         <load_address>0xdd14</load_address>
         <run_address>0xdd14</run_address>
         <size>0x2</size>
         <input_file_ref idref="fl-4f"/>
      </object_component>
      <object_component id="oc-656">
         <name>.bss</name>
         <uninitialized>true</uninitialized>
         <run_address>0x2312</run_address>
         <size>0x6</size>
         <input_file_ref idref="fl-6c"/>
      </object_component>
      <object_component id="oc-3bc">
         <name>.common:param</name>
         <uninitialized>true</uninitialized>
         <run_address>0x22fe</run_address>
         <size>0xc</size>
      </object_component>
      <object_component id="oc-6a9">
         <name>.common:__TI_tmpnams</name>
         <uninitialized>true</uninitialized>
         <run_address>0x225e</run_address>
         <size>0xa0</size>
      </object_component>
      <object_component id="oc-6b4">
         <name>.common:parmbuf</name>
         <uninitialized>true</uninitialized>
         <run_address>0x230a</run_address>
         <size>0x8</size>
      </object_component>
      <object_component id="oc-300">
         <name>.data</name>
         <load_address>0x2118</load_address>
         <run_address>0x2118</run_address>
         <size>0xc</size>
         <input_file_ref idref="fl-3"/>
      </object_component>
      <object_component id="oc-548">
         <name>.data</name>
         <load_address>0x2134</load_address>
         <run_address>0x2134</run_address>
         <size>0x4</size>
         <input_file_ref idref="fl-6"/>
      </object_component>
      <object_component id="oc-505">
         <name>.data</name>
         <load_address>0x213a</load_address>
         <run_address>0x213a</run_address>
         <size>0x2</size>
         <input_file_ref idref="fl-52"/>
      </object_component>
      <object_component id="oc-508">
         <name>.data:_lock</name>
         <load_address>0x212c</load_address>
         <run_address>0x212c</run_address>
         <size>0x4</size>
         <input_file_ref idref="fl-53"/>
      </object_component>
      <object_component id="oc-511">
         <name>.data:_unlock</name>
         <load_address>0x2130</load_address>
         <run_address>0x2130</run_address>
         <size>0x4</size>
         <input_file_ref idref="fl-53"/>
      </object_component>
      <object_component id="oc-640">
         <name>.data:_device</name>
         <load_address>0x2000</load_address>
         <run_address>0x2000</run_address>
         <size>0x78</size>
         <input_file_ref idref="fl-59"/>
      </object_component>
      <object_component id="oc-5fb">
         <name>.data:_stream</name>
         <load_address>0x20f0</load_address>
         <run_address>0x20f0</run_address>
         <size>0x28</size>
         <input_file_ref idref="fl-59"/>
      </object_component>
      <object_component id="oc-50e">
         <name>.data:__TI_cleanup_ptr</name>
         <load_address>0x2124</load_address>
         <run_address>0x2124</run_address>
         <size>0x4</size>
         <input_file_ref idref="fl-5c"/>
      </object_component>
      <object_component id="oc-50b">
         <name>.data:__TI_dtors_ptr</name>
         <load_address>0x2128</load_address>
         <run_address>0x2128</run_address>
         <size>0x4</size>
         <input_file_ref idref="fl-5c"/>
      </object_component>
      <object_component id="oc-4de">
         <name>.data:_ftable</name>
         <load_address>0x2078</load_address>
         <run_address>0x2078</run_address>
         <size>0x78</size>
         <input_file_ref idref="fl-5e"/>
      </object_component>
      <object_component id="oc-66a">
         <name>.data</name>
         <load_address>0x2138</load_address>
         <run_address>0x2138</run_address>
         <size>0x2</size>
         <input_file_ref idref="fl-5e"/>
      </object_component>
      <object_component id="oc-65a">
         <name>.data</name>
         <load_address>0x213c</load_address>
         <run_address>0x213c</run_address>
         <size>0x2</size>
         <input_file_ref idref="fl-6c"/>
      </object_component>
      <object_component id="oc-6e9">
         <name>.cio</name>
         <uninitialized>true</uninitialized>
         <run_address>0x213e</run_address>
         <size>0x120</size>
         <input_file_ref idref="fl-6a"/>
      </object_component>
      <object_component id="oc-27f">
         <name>.sysmem</name>
         <uninitialized>true</uninitialized>
         <run_address>0x2318</run_address>
         <size>0x4</size>
         <input_file_ref idref="fl-6c"/>
      </object_component>
      <object_component id="oc-7a8">
         <name>.sysmem</name>
         <uninitialized>true</uninitialized>
         <run_address>0x2318</run_address>
         <size>0x0</size>
      </object_component>
      <object_component id="oc-27b">
         <name>.stack</name>
         <uninitialized>true</uninitialized>
         <run_address>0x2760</run_address>
         <size>0x2</size>
         <input_file_ref idref="fl-49"/>
      </object_component>
      <object_component id="oc-7a7">
         <name>.stack</name>
         <uninitialized>true</uninitialized>
         <run_address>0x2760</run_address>
         <size>0x0</size>
      </object_component>
      <object_component id="oc-70">
         <name>.int45</name>
         <load_address>0xffe2</load_address>
         <run_address>0xffe2</run_address>
         <size>0x2</size>
         <input_file_ref idref="fl-39"/>
      </object_component>
      <object_component id="oc-71">
         <name>.int46</name>
         <load_address>0xffe4</load_address>
         <run_address>0xffe4</run_address>
         <size>0x2</size>
         <input_file_ref idref="fl-3a"/>
      </object_component>
      <object_component id="oc-72">
         <name>.int47</name>
         <load_address>0xffe6</load_address>
         <run_address>0xffe6</run_address>
         <size>0x2</size>
         <input_file_ref idref="fl-3b"/>
      </object_component>
      <object_component id="oc-73">
         <name>.int48</name>
         <load_address>0xffe8</load_address>
         <run_address>0xffe8</run_address>
         <size>0x2</size>
         <input_file_ref idref="fl-3"/>
      </object_component>
      <object_component id="oc-74">
         <name>.int49</name>
         <load_address>0xffea</load_address>
         <run_address>0xffea</run_address>
         <size>0x2</size>
         <input_file_ref idref="fl-3c"/>
      </object_component>
      <object_component id="oc-75">
         <name>.int50</name>
         <load_address>0xffec</load_address>
         <run_address>0xffec</run_address>
         <size>0x2</size>
         <input_file_ref idref="fl-3"/>
      </object_component>
      <object_component id="oc-76">
         <name>.int51</name>
         <load_address>0xffee</load_address>
         <run_address>0xffee</run_address>
         <size>0x2</size>
         <input_file_ref idref="fl-3d"/>
      </object_component>
      <object_component id="oc-77">
         <name>.int52</name>
         <load_address>0xfff0</load_address>
         <run_address>0xfff0</run_address>
         <size>0x2</size>
         <input_file_ref idref="fl-3e"/>
      </object_component>
      <object_component id="oc-78">
         <name>.int53</name>
         <load_address>0xfff2</load_address>
         <run_address>0xfff2</run_address>
         <size>0x2</size>
         <input_file_ref idref="fl-3f"/>
      </object_component>
      <object_component id="oc-79">
         <name>.int54</name>
         <load_address>0xfff4</load_address>
         <run_address>0xfff4</run_address>
         <size>0x2</size>
         <input_file_ref idref="fl-40"/>
      </object_component>
      <object_component id="oc-7a">
         <name>.int55</name>
         <load_address>0xfff6</load_address>
         <run_address>0xfff6</run_address>
         <size>0x2</size>
         <input_file_ref idref="fl-41"/>
      </object_component>
      <object_component id="oc-7b">
         <name>.int56</name>
         <load_address>0xfff8</load_address>
         <run_address>0xfff8</run_address>
         <size>0x2</size>
         <input_file_ref idref="fl-42"/>
      </object_component>
      <object_component id="oc-7c">
         <name>.int57</name>
         <load_address>0xfffa</load_address>
         <run_address>0xfffa</run_address>
         <size>0x2</size>
         <input_file_ref idref="fl-43"/>
      </object_component>
      <object_component id="oc-7d">
         <name>.int58</name>
         <load_address>0xfffc</load_address>
         <run_address>0xfffc</run_address>
         <size>0x2</size>
         <input_file_ref idref="fl-44"/>
      </object_component>
      <object_component id="oc-27e">
         <name>.reset</name>
         <load_address>0xfffe</load_address>
         <run_address>0xfffe</run_address>
         <size>0x2</size>
         <input_file_ref idref="fl-49"/>
      </object_component>
      <object_component id="oc-3bd">
         <name>.debug_info</name>
         <load_address>0x0</load_address>
         <run_address>0x0</run_address>
         <size>0x49d</size>
         <input_file_ref idref="fl-2"/>
      </object_component>
      <object_component id="oc-5a5">
         <name>.debug_info</name>
         <load_address>0x49d</load_address>
         <run_address>0x49d</run_address>
         <size>0xc4</size>
         <input_file_ref idref="fl-2"/>
      </object_component>
      <object_component id="oc-5a2">
         <name>.debug_info</name>
         <load_address>0x561</load_address>
         <run_address>0x561</run_address>
         <size>0xd0</size>
         <input_file_ref idref="fl-2"/>
      </object_component>
      <object_component id="oc-4fd">
         <name>.debug_info</name>
         <load_address>0x631</load_address>
         <run_address>0x631</run_address>
         <size>0x192</size>
         <input_file_ref idref="fl-2"/>
      </object_component>
      <object_component id="oc-3c8">
         <name>.debug_info</name>
         <load_address>0x7c3</load_address>
         <run_address>0x7c3</run_address>
         <size>0x152</size>
         <input_file_ref idref="fl-2"/>
      </object_component>
      <object_component id="oc-398">
         <name>.debug_info</name>
         <load_address>0x915</load_address>
         <run_address>0x915</run_address>
         <size>0x287</size>
         <input_file_ref idref="fl-2"/>
      </object_component>
      <object_component id="oc-41f">
         <name>.debug_info</name>
         <load_address>0xb9c</load_address>
         <run_address>0xb9c</run_address>
         <size>0x26b</size>
         <input_file_ref idref="fl-2"/>
      </object_component>
      <object_component id="oc-5da">
         <name>.debug_info</name>
         <load_address>0xe07</load_address>
         <run_address>0xe07</run_address>
         <size>0x76</size>
         <input_file_ref idref="fl-2"/>
      </object_component>
      <object_component id="oc-426">
         <name>.debug_info</name>
         <load_address>0xe7d</load_address>
         <run_address>0xe7d</run_address>
         <size>0xee</size>
         <input_file_ref idref="fl-2"/>
      </object_component>
      <object_component id="oc-4d8">
         <name>.debug_info</name>
         <load_address>0xf6b</load_address>
         <run_address>0xf6b</run_address>
         <size>0x9e</size>
         <input_file_ref idref="fl-2"/>
      </object_component>
      <object_component id="oc-4f4">
         <name>.debug_info</name>
         <load_address>0x1009</load_address>
         <run_address>0x1009</run_address>
         <size>0x392</size>
         <input_file_ref idref="fl-2"/>
      </object_component>
      <object_component id="oc-30a">
         <name>.debug_info</name>
         <load_address>0x139b</load_address>
         <run_address>0x139b</run_address>
         <size>0x8b</size>
         <input_file_ref idref="fl-2"/>
      </object_component>
      <object_component id="oc-418">
         <name>.debug_info</name>
         <load_address>0x1426</load_address>
         <run_address>0x1426</run_address>
         <size>0x275</size>
         <input_file_ref idref="fl-2"/>
      </object_component>
      <object_component id="oc-363">
         <name>.debug_info</name>
         <load_address>0x169b</load_address>
         <run_address>0x169b</run_address>
         <size>0xbb</size>
         <input_file_ref idref="fl-2"/>
      </object_component>
      <object_component id="oc-353">
         <name>.debug_info</name>
         <load_address>0x1756</load_address>
         <run_address>0x1756</run_address>
         <size>0x2c</size>
         <input_file_ref idref="fl-2"/>
      </object_component>
      <object_component id="oc-3bf">
         <name>.debug_info</name>
         <load_address>0x1782</load_address>
         <run_address>0x1782</run_address>
         <size>0xa73</size>
         <input_file_ref idref="fl-3"/>
      </object_component>
      <object_component id="oc-301">
         <name>.debug_info</name>
         <load_address>0x21f5</load_address>
         <run_address>0x21f5</run_address>
         <size>0x15a</size>
         <input_file_ref idref="fl-3"/>
      </object_component>
      <object_component id="oc-480">
         <name>.debug_info</name>
         <load_address>0x234f</load_address>
         <run_address>0x234f</run_address>
         <size>0xc5</size>
         <input_file_ref idref="fl-3"/>
      </object_component>
      <object_component id="oc-37b">
         <name>.debug_info</name>
         <load_address>0x2414</load_address>
         <run_address>0x2414</run_address>
         <size>0x2ab</size>
         <input_file_ref idref="fl-3"/>
      </object_component>
      <object_component id="oc-381">
         <name>.debug_info</name>
         <load_address>0x26bf</load_address>
         <run_address>0x26bf</run_address>
         <size>0x121</size>
         <input_file_ref idref="fl-3"/>
      </object_component>
      <object_component id="oc-387">
         <name>.debug_info</name>
         <load_address>0x27e0</load_address>
         <run_address>0x27e0</run_address>
         <size>0x1aa</size>
         <input_file_ref idref="fl-3"/>
      </object_component>
      <object_component id="oc-38d">
         <name>.debug_info</name>
         <load_address>0x298a</load_address>
         <run_address>0x298a</run_address>
         <size>0x1a4</size>
         <input_file_ref idref="fl-3"/>
      </object_component>
      <object_component id="oc-393">
         <name>.debug_info</name>
         <load_address>0x2b2e</load_address>
         <run_address>0x2b2e</run_address>
         <size>0x1f1</size>
         <input_file_ref idref="fl-3"/>
      </object_component>
      <object_component id="oc-337">
         <name>.debug_info</name>
         <load_address>0x2d1f</load_address>
         <run_address>0x2d1f</run_address>
         <size>0x23d</size>
         <input_file_ref idref="fl-3"/>
      </object_component>
      <object_component id="oc-2a6">
         <name>.debug_info</name>
         <load_address>0x2f5c</load_address>
         <run_address>0x2f5c</run_address>
         <size>0x19b</size>
         <input_file_ref idref="fl-3"/>
      </object_component>
      <object_component id="oc-2a0">
         <name>.debug_info</name>
         <load_address>0x30f7</load_address>
         <run_address>0x30f7</run_address>
         <size>0x159</size>
         <input_file_ref idref="fl-3"/>
      </object_component>
      <object_component id="oc-368">
         <name>.debug_info</name>
         <load_address>0x3250</load_address>
         <run_address>0x3250</run_address>
         <size>0x14a</size>
         <input_file_ref idref="fl-4"/>
      </object_component>
      <object_component id="oc-3ce">
         <name>.debug_info</name>
         <load_address>0x339a</load_address>
         <run_address>0x339a</run_address>
         <size>0x1e2</size>
         <input_file_ref idref="fl-4"/>
      </object_component>
      <object_component id="oc-45a">
         <name>.debug_info</name>
         <load_address>0x357c</load_address>
         <run_address>0x357c</run_address>
         <size>0x1ff</size>
         <input_file_ref idref="fl-4"/>
      </object_component>
      <object_component id="oc-44e">
         <name>.debug_info</name>
         <load_address>0x377b</load_address>
         <run_address>0x377b</run_address>
         <size>0x27c</size>
         <input_file_ref idref="fl-4"/>
      </object_component>
      <object_component id="oc-304">
         <name>.debug_info</name>
         <load_address>0x39f7</load_address>
         <run_address>0x39f7</run_address>
         <size>0x15a</size>
         <input_file_ref idref="fl-4"/>
      </object_component>
      <object_component id="oc-2f5">
         <name>.debug_info</name>
         <load_address>0x3b51</load_address>
         <run_address>0x3b51</run_address>
         <size>0x1c0</size>
         <input_file_ref idref="fl-4"/>
      </object_component>
      <object_component id="oc-467">
         <name>.debug_info</name>
         <load_address>0x3d11</load_address>
         <run_address>0x3d11</run_address>
         <size>0x1a6</size>
         <input_file_ref idref="fl-4"/>
      </object_component>
      <object_component id="oc-454">
         <name>.debug_info</name>
         <load_address>0x3eb7</load_address>
         <run_address>0x3eb7</run_address>
         <size>0x14e</size>
         <input_file_ref idref="fl-4"/>
      </object_component>
      <object_component id="oc-460">
         <name>.debug_info</name>
         <load_address>0x4005</load_address>
         <run_address>0x4005</run_address>
         <size>0x2de</size>
         <input_file_ref idref="fl-4"/>
      </object_component>
      <object_component id="oc-2fb">
         <name>.debug_info</name>
         <load_address>0x42e3</load_address>
         <run_address>0x42e3</run_address>
         <size>0x1b4</size>
         <input_file_ref idref="fl-4"/>
      </object_component>
      <object_component id="oc-288">
         <name>.debug_info</name>
         <load_address>0x4497</load_address>
         <run_address>0x4497</run_address>
         <size>0x84</size>
         <input_file_ref idref="fl-5"/>
      </object_component>
      <object_component id="oc-54c">
         <name>.debug_info</name>
         <load_address>0x451b</load_address>
         <run_address>0x451b</run_address>
         <size>0x223</size>
         <input_file_ref idref="fl-6"/>
      </object_component>
      <object_component id="oc-549">
         <name>.debug_info</name>
         <load_address>0x473e</load_address>
         <run_address>0x473e</run_address>
         <size>0xee</size>
         <input_file_ref idref="fl-6"/>
      </object_component>
      <object_component id="oc-47b">
         <name>.debug_info</name>
         <load_address>0x482c</load_address>
         <run_address>0x482c</run_address>
         <size>0x131</size>
         <input_file_ref idref="fl-6"/>
      </object_component>
      <object_component id="oc-46f">
         <name>.debug_info</name>
         <load_address>0x495d</load_address>
         <run_address>0x495d</run_address>
         <size>0x18a</size>
         <input_file_ref idref="fl-6"/>
      </object_component>
      <object_component id="oc-475">
         <name>.debug_info</name>
         <load_address>0x4ae7</load_address>
         <run_address>0x4ae7</run_address>
         <size>0x226</size>
         <input_file_ref idref="fl-6"/>
      </object_component>
      <object_component id="oc-36e">
         <name>.debug_info</name>
         <load_address>0x4d0d</load_address>
         <run_address>0x4d0d</run_address>
         <size>0x159</size>
         <input_file_ref idref="fl-9"/>
      </object_component>
      <object_component id="oc-324">
         <name>.debug_info</name>
         <load_address>0x4e66</load_address>
         <run_address>0x4e66</run_address>
         <size>0x1c9</size>
         <input_file_ref idref="fl-9"/>
      </object_component>
      <object_component id="oc-31f">
         <name>.debug_info</name>
         <load_address>0x502f</load_address>
         <run_address>0x502f</run_address>
         <size>0x189</size>
         <input_file_ref idref="fl-9"/>
      </object_component>
      <object_component id="oc-48c">
         <name>.debug_info</name>
         <load_address>0x51b8</load_address>
         <run_address>0x51b8</run_address>
         <size>0x1a1</size>
         <input_file_ref idref="fl-9"/>
      </object_component>
      <object_component id="oc-313">
         <name>.debug_info</name>
         <load_address>0x5359</load_address>
         <run_address>0x5359</run_address>
         <size>0x1b9</size>
         <input_file_ref idref="fl-9"/>
      </object_component>
      <object_component id="oc-498">
         <name>.debug_info</name>
         <load_address>0x5512</load_address>
         <run_address>0x5512</run_address>
         <size>0x1af</size>
         <input_file_ref idref="fl-9"/>
      </object_component>
      <object_component id="oc-492">
         <name>.debug_info</name>
         <load_address>0x56c1</load_address>
         <run_address>0x56c1</run_address>
         <size>0x17b</size>
         <input_file_ref idref="fl-9"/>
      </object_component>
      <object_component id="oc-319">
         <name>.debug_info</name>
         <load_address>0x583c</load_address>
         <run_address>0x583c</run_address>
         <size>0x1ad</size>
         <input_file_ref idref="fl-9"/>
      </object_component>
      <object_component id="oc-4ee">
         <name>.debug_info</name>
         <load_address>0x59e9</load_address>
         <run_address>0x59e9</run_address>
         <size>0x154</size>
         <input_file_ref idref="fl-d"/>
      </object_component>
      <object_component id="oc-4eb">
         <name>.debug_info</name>
         <load_address>0x5b3d</load_address>
         <run_address>0x5b3d</run_address>
         <size>0xe2</size>
         <input_file_ref idref="fl-d"/>
      </object_component>
      <object_component id="oc-43c">
         <name>.debug_info</name>
         <load_address>0x5c1f</load_address>
         <run_address>0x5c1f</run_address>
         <size>0x1d1</size>
         <input_file_ref idref="fl-d"/>
      </object_component>
      <object_component id="oc-3ad">
         <name>.debug_info</name>
         <load_address>0x5df0</load_address>
         <run_address>0x5df0</run_address>
         <size>0x1d3</size>
         <input_file_ref idref="fl-d"/>
      </object_component>
      <object_component id="oc-443">
         <name>.debug_info</name>
         <load_address>0x5fc3</load_address>
         <run_address>0x5fc3</run_address>
         <size>0x220</size>
         <input_file_ref idref="fl-d"/>
      </object_component>
      <object_component id="oc-44a">
         <name>.debug_info</name>
         <load_address>0x61e3</load_address>
         <run_address>0x61e3</run_address>
         <size>0x21f</size>
         <input_file_ref idref="fl-d"/>
      </object_component>
      <object_component id="oc-436">
         <name>.debug_info</name>
         <load_address>0x6402</load_address>
         <run_address>0x6402</run_address>
         <size>0x1c8</size>
         <input_file_ref idref="fl-d"/>
      </object_component>
      <object_component id="oc-430">
         <name>.debug_info</name>
         <load_address>0x65ca</load_address>
         <run_address>0x65ca</run_address>
         <size>0x1ed</size>
         <input_file_ref idref="fl-d"/>
      </object_component>
      <object_component id="oc-3b3">
         <name>.debug_info</name>
         <load_address>0x67b7</load_address>
         <run_address>0x67b7</run_address>
         <size>0x1d3</size>
         <input_file_ref idref="fl-d"/>
      </object_component>
      <object_component id="oc-562">
         <name>.debug_info</name>
         <load_address>0x698a</load_address>
         <run_address>0x698a</run_address>
         <size>0x157</size>
         <input_file_ref idref="fl-f"/>
      </object_component>
      <object_component id="oc-4ae">
         <name>.debug_info</name>
         <load_address>0x6ae1</load_address>
         <run_address>0x6ae1</run_address>
         <size>0x177</size>
         <input_file_ref idref="fl-f"/>
      </object_component>
      <object_component id="oc-4a8">
         <name>.debug_info</name>
         <load_address>0x6c58</load_address>
         <run_address>0x6c58</run_address>
         <size>0x198</size>
         <input_file_ref idref="fl-f"/>
      </object_component>
      <object_component id="oc-55c">
         <name>.debug_info</name>
         <load_address>0x6df0</load_address>
         <run_address>0x6df0</run_address>
         <size>0x1b3</size>
         <input_file_ref idref="fl-f"/>
      </object_component>
      <object_component id="oc-49c">
         <name>.debug_info</name>
         <load_address>0x6fa3</load_address>
         <run_address>0x6fa3</run_address>
         <size>0x2b6</size>
         <input_file_ref idref="fl-f"/>
      </object_component>
      <object_component id="oc-4c6">
         <name>.debug_info</name>
         <load_address>0x7259</load_address>
         <run_address>0x7259</run_address>
         <size>0x1db</size>
         <input_file_ref idref="fl-f"/>
      </object_component>
      <object_component id="oc-4ba">
         <name>.debug_info</name>
         <load_address>0x7434</load_address>
         <run_address>0x7434</run_address>
         <size>0x171</size>
         <input_file_ref idref="fl-f"/>
      </object_component>
      <object_component id="oc-4cc">
         <name>.debug_info</name>
         <load_address>0x75a5</load_address>
         <run_address>0x75a5</run_address>
         <size>0x199</size>
         <input_file_ref idref="fl-f"/>
      </object_component>
      <object_component id="oc-4d2">
         <name>.debug_info</name>
         <load_address>0x773e</load_address>
         <run_address>0x773e</run_address>
         <size>0x150</size>
         <input_file_ref idref="fl-f"/>
      </object_component>
      <object_component id="oc-4a2">
         <name>.debug_info</name>
         <load_address>0x788e</load_address>
         <run_address>0x788e</run_address>
         <size>0x18e</size>
         <input_file_ref idref="fl-f"/>
      </object_component>
      <object_component id="oc-4b4">
         <name>.debug_info</name>
         <load_address>0x7a1c</load_address>
         <run_address>0x7a1c</run_address>
         <size>0x16c</size>
         <input_file_ref idref="fl-f"/>
      </object_component>
      <object_component id="oc-4c0">
         <name>.debug_info</name>
         <load_address>0x7b88</load_address>
         <run_address>0x7b88</run_address>
         <size>0x168</size>
         <input_file_ref idref="fl-f"/>
      </object_component>
      <object_component id="oc-39e">
         <name>.debug_info</name>
         <load_address>0x7cf0</load_address>
         <run_address>0x7cf0</run_address>
         <size>0x118</size>
         <input_file_ref idref="fl-11"/>
      </object_component>
      <object_component id="oc-4f1">
         <name>.debug_info</name>
         <load_address>0x7e08</load_address>
         <run_address>0x7e08</run_address>
         <size>0x18b</size>
         <input_file_ref idref="fl-17"/>
      </object_component>
      <object_component id="oc-3b7">
         <name>.debug_info</name>
         <load_address>0x7f93</load_address>
         <run_address>0x7f93</run_address>
         <size>0x161</size>
         <input_file_ref idref="fl-17"/>
      </object_component>
      <object_component id="oc-3c2">
         <name>.debug_info</name>
         <load_address>0x80f4</load_address>
         <run_address>0x80f4</run_address>
         <size>0x191</size>
         <input_file_ref idref="fl-17"/>
      </object_component>
      <object_component id="oc-42c">
         <name>.debug_info</name>
         <load_address>0x8285</load_address>
         <run_address>0x8285</run_address>
         <size>0x147</size>
         <input_file_ref idref="fl-1a"/>
      </object_component>
      <object_component id="oc-374">
         <name>.debug_info</name>
         <load_address>0x83cc</load_address>
         <run_address>0x83cc</run_address>
         <size>0x154</size>
         <input_file_ref idref="fl-1a"/>
      </object_component>
      <object_component id="oc-59e">
         <name>.debug_info</name>
         <load_address>0x8520</load_address>
         <run_address>0x8520</run_address>
         <size>0x138</size>
[...]
         <value>0xdc90</value>
         <object_component_ref idref="oc-46c"/>
      </symbol>
      <symbol id="sm-3a5">
         <name>CS_turnOnXT1LF</name>
         <value>0xd824</value>
         <object_component_ref idref="oc-478"/>
      </symbol>
      <symbol id="sm-3a6">
         <name>CS_initClockSignal</name>
         <value>0xc958</value>
         <object_component_ref idref="oc-472"/>
      </symbol>
      <symbol id="sm-3e5">
         <name>EUSCI_A_UART_enableInterrupt</name>
         <value>0xdb5c</value>
         <object_component_ref idref="oc-494"/>
      </symbol>
      <symbol id="sm-3e6">
         <name>EUSCI_A_UART_init</name>
         <value>0xcc24</value>
         <object_component_ref idref="oc-488"/>
      </symbol>
      <symbol id="sm-3e7">
         <name>EUSCI_A_UART_enable</name>
         <value>0xdcf6</value>
         <object_component_ref idref="oc-48e"/>
      </symbol>
      <symbol id="sm-3e8">
         <name>EUSCI_A_UART_receiveData</name>
         <value>0xdbc8</value>
         <object_component_ref idref="oc-31b"/>
      </symbol>
      <symbol id="sm-3e9">
         <name>EUSCI_A_UART_getInterruptStatus</name>
         <value>0xdcbe</value>
         <object_component_ref idref="oc-30f"/>
      </symbol>
      <symbol id="sm-3ea">
         <name>EUSCI_A_UART_clearInterrupt</name>
         <value>0xdcf0</value>
         <object_component_ref idref="oc-315"/>
      </symbol>
      <symbol id="sm-3eb">
         <name>EUSCI_A_UART_transmitData</name>
         <value>0xdbdc</value>
         <object_component_ref idref="oc-321"/>
      </symbol>
      <symbol id="sm-438">
         <name>GPIO_setOutputHighOnPin</name>
         <value>0xdb72</value>
         <object_component_ref idref="oc-3aa"/>
      </symbol>
      <symbol id="sm-439">
         <name>GPIO_setAsInputPinWithPullUpResistor</name>
         <value>0xda10</value>
         <object_component_ref idref="oc-42d"/>
      </symbol>
      <symbol id="sm-43a">
         <name>GPIO_setAsOutputPin</name>
         <value>0xdb10</value>
         <object_component_ref idref="oc-433"/>
      </symbol>
      <symbol id="sm-43b">
         <name>GPIO_setOutputLowOnPin</name>
         <value>0xdb88</value>
         <object_component_ref idref="oc-439"/>
      </symbol>
      <symbol id="sm-43c">
         <name>GPIO_setAsPeripheralModuleFunctionOutputPin</name>
         <value>0xd884</value>
         <object_component_ref idref="oc-440"/>
      </symbol>
      <symbol id="sm-43d">
         <name>GPIO_getInputPinValue</name>
         <value>0xdaf6</value>
         <object_component_ref idref="oc-3b0"/>
      </symbol>
      <symbol id="sm-43e">
         <name>GPIO_setAsPeripheralModuleFunctionInputPin</name>
         <value>0xd75e</value>
         <object_component_ref idref="oc-447"/>
      </symbol>
      <symbol id="sm-4a0">
         <name>LCD_E_clearAllMemory</name>
         <value>0xdcfc</value>
         <object_component_ref idref="oc-4bf"/>
      </symbol>
      <symbol id="sm-4a1">
         <name>LCD_E_on</name>
         <value>0xdc84</value>
         <object_component_ref idref="oc-4d1"/>
      </symbol>
      <symbol id="sm-4a2">
         <name>LCD_E_setPinAsCOM</name>
         <value>0xcfbe</value>
         <object_component_ref idref="oc-4c5"/>
      </symbol>
      <symbol id="sm-4a3">
         <name>LCD_E_setVLCDSource</name>
         <value>0xdc18</value>
         <object_component_ref idref="oc-4a7"/>
      </symbol>
      <symbol id="sm-4a4">
         <name>LCD_E_selectDisplayMemory</name>
         <value>0xdc4c</value>
         <object_component_ref idref="oc-4cb"/>
      </symbol>
      <symbol id="sm-4a5">
         <name>LCD_E_setChargePumpFreq</name>
         <value>0xdc5a</value>
         <object_component_ref idref="oc-4b9"/>
      </symbol>
      <symbol id="sm-4a6">
         <name>LCD_E_init</name>
         <value>0xd9e8</value>
         <object_component_ref idref="oc-4a1"/>
      </symbol>
      <symbol id="sm-4a7">
         <name>LCD_E_enableChargePump</name>
         <value>0xdcc6</value>
         <object_component_ref idref="oc-4b3"/>
      </symbol>
      <symbol id="sm-4a8">
         <name>LCD_E_setVLCDVoltage</name>
         <value>0xdc68</value>
         <object_component_ref idref="oc-4ad"/>
      </symbol>
      <symbol id="sm-4a9">
         <name>LCD_E_setPinAsLCDFunctionEx</name>
         <value>0xcd3e</value>
         <object_component_ref idref="oc-49b"/>
      </symbol>
      <symbol id="sm-4b3">
         <name>PMM_unlockLPM5</name>
         <value>0xdd02</value>
         <object_component_ref idref="oc-39d"/>
      </symbol>
      <symbol id="sm-4cb">
         <name>Timer_A_outputPWM</name>
         <value>0xd356</value>
         <object_component_ref idref="oc-3c1"/>
      </symbol>
      <symbol id="sm-4cc">
         <name>Timer_A_stop</name>
         <value>0xdcce</value>
         <object_component_ref idref="oc-3b6"/>
      </symbol>
      <symbol id="sm-4da">
         <name>WDT_A_hold</name>
         <value>0xdbf0</value>
         <object_component_ref idref="oc-373"/>
      </symbol>
      <symbol id="sm-4e6">
         <name>__mspabi_remi</name>
         <value>0xd966</value>
         <object_component_ref idref="oc-59c"/>
      </symbol>
      <symbol id="sm-4e7">
         <name>__mspabi_divi</name>
         <value>0xd966</value>
         <object_component_ref idref="oc-59c"/>
      </symbol>
      <symbol id="sm-4f1">
         <name>__mspabi_remu</name>
         <value>0xdb9e</value>
         <object_component_ref idref="oc-600"/>
      </symbol>
      <symbol id="sm-4f2">
         <name>__mspabi_divu</name>
         <value>0xdb9e</value>
         <object_component_ref idref="oc-600"/>
      </symbol>
      <symbol id="sm-4f7">
         <name>__TI_int45</name>
         <value>0xffe2</value>
         <object_component_ref idref="oc-70"/>
      </symbol>
      <symbol id="sm-4fa">
         <name>__TI_int46</name>
         <value>0xffe4</value>
         <object_component_ref idref="oc-71"/>
      </symbol>
      <symbol id="sm-4fd">
         <name>__TI_int47</name>
         <value>0xffe6</value>
         <object_component_ref idref="oc-72"/>
      </symbol>
      <symbol id="sm-500">
         <name>__TI_int49</name>
         <value>0xffea</value>
         <object_component_ref idref="oc-74"/>
      </symbol>
      <symbol id="sm-503">
         <name>__TI_int51</name>
         <value>0xffee</value>
         <object_component_ref idref="oc-76"/>
      </symbol>
      <symbol id="sm-506">
         <name>__TI_int52</name>
         <value>0xfff0</value>
         <object_component_ref idref="oc-77"/>
      </symbol>
      <symbol id="sm-509">
         <name>__TI_int53</name>
         <value>0xfff2</value>
         <object_component_ref idref="oc-78"/>
      </symbol>
      <symbol id="sm-50c">
         <name>__TI_int54</name>
         <value>0xfff4</value>
         <object_component_ref idref="oc-79"/>
      </symbol>
      <symbol id="sm-50f">
         <name>__TI_int55</name>
         <value>0xfff6</value>
         <object_component_ref idref="oc-7a"/>
      </symbol>
      <symbol id="sm-512">
         <name>__TI_int56</name>
         <value>0xfff8</value>
         <object_component_ref idref="oc-7b"/>
      </symbol>
      <symbol id="sm-515">
         <name>__TI_int57</name>
         <value>0xfffa</value>
         <object_component_ref idref="oc-7c"/>
      </symbol>
      <symbol id="sm-518">
         <name>__TI_int58</name>
         <value>0xfffc</value>
         <object_component_ref idref="oc-7d"/>
      </symbol>
      <symbol id="sm-520">
         <name>__TI_ISR_TRAP</name>
         <value>0xdcd6</value>
         <object_component_ref idref="oc-299"/>
      </symbol>
      <symbol id="sm-529">
         <name>__mspabi_slli</name>
         <value>0xdc9a</value>
         <object_component_ref idref="oc-541"/>
      </symbol>
      <symbol id="sm-532">
         <name>__mspabi_srli</name>
         <value>0xdca4</value>
         <object_component_ref idref="oc-556"/>
      </symbol>
      <symbol id="sm-543">
         <name>_stack</name>
         <value>0x2760</value>
         <object_component_ref idref="oc-27b"/>
      </symbol>
      <symbol id="sm-544">
         <name>_c_int00_noargs</name>
         <value>0xdac0</value>
         <object_component_ref idref="oc-2bc"/>
      </symbol>
      <symbol id="sm-545">
         <name>_reset_vector</name>
         <value>0xfffe</value>
         <object_component_ref idref="oc-27e"/>
      </symbol>
      <symbol id="sm-567">
         <name>__TI_auto_init_nobinit_nopinit_hold_wdt</name>
         <value>0xd096</value>
         <object_component_ref idref="oc-3f8"/>
      </symbol>
      <symbol id="sm-577">
         <name>__TI_zero_init_nomemset</name>
         <value>0xd5fe</value>
         <object_component_ref idref="oc-2aa"/>
      </symbol>
      <symbol id="sm-582">
         <name>_system_pre_init</name>
         <value>0xdd0e</value>
         <object_component_ref idref="oc-32f"/>
      </symbol>
      <symbol id="sm-58b">
         <name>_system_post_cinit</name>
         <value>0xdd14</value>
         <object_component_ref idref="oc-516"/>
      </symbol>
      <symbol id="sm-59c">
         <name>__TI_decompress_none</name>
         <value>0xd6b6</value>
         <object_component_ref idref="oc-6a"/>
      </symbol>
      <symbol id="sm-5bd">
         <name>__TI_decompress_lzss</name>
         <value>0xc5fc</value>
         <object_component_ref idref="oc-64"/>
      </symbol>
      <symbol id="sm-5da">
         <name>C$$EXIT</name>
         <value>0xdd08</value>
         <object_component_ref idref="oc-3d4"/>
      </symbol>
      <symbol id="sm-5db">
         <name>abort</name>
         <value>0xdd08</value>
         <object_component_ref idref="oc-3d4"/>
      </symbol>
      <symbol id="sm-5dc">
         <name>__TI_enable_exit_profile_output</name>
         <value>0x213a</value>
         <object_component_ref idref="oc-505"/>
      </symbol>
      <symbol id="sm-5dd">
         <name>exit</name>
         <value>0xd4ee</value>
         <object_component_ref idref="oc-3da"/>
      </symbol>
      <symbol id="sm-5f3">
         <name>_nop</name>
         <value>0xdd12</value>
         <object_component_ref idref="oc-5aa"/>
      </symbol>
      <symbol id="sm-5f4">
         <name>_lock</name>
         <value>0x212c</value>
         <object_component_ref idref="oc-508"/>
      </symbol>
      <symbol id="sm-5f5">
         <name>_unlock</name>
         <value>0x2130</value>
         <object_component_ref idref="oc-511"/>
      </symbol>
      <symbol id="sm-61c">
         <name>puts</name>
         <value>0xda80</value>
         <object_component_ref idref="oc-3a4"/>
      </symbol>
      <symbol id="sm-61d">
         <name>fputs</name>
         <value>0xc6ea</value>
         <object_component_ref idref="oc-4e1"/>
      </symbol>
      <symbol id="sm-62c">
         <name>memchr</name>
         <value>0xdc04</value>
         <object_component_ref idref="oc-57c"/>
      </symbol>
      <symbol id="sm-63a">
         <name>memcpy</name>
         <value>0xdc2a</value>
         <object_component_ref idref="oc-482"/>
      </symbol>
      <symbol id="sm-647">
         <name>strlen</name>
         <value>0xdc76</value>
         <object_component_ref idref="oc-576"/>
      </symbol>
      <symbol id="sm-668">
         <name>_stream</name>
         <value>0x20f0</value>
         <object_component_ref idref="oc-5fb"/>
      </symbol>
      <symbol id="sm-669">
         <name>_device</name>
         <value>0x2000</value>
         <object_component_ref idref="oc-640"/>
      </symbol>
      <symbol id="sm-66a">
         <name>write</name>
         <value>0xda5c</value>
         <object_component_ref idref="oc-588"/>
      </symbol>
      <symbol id="sm-675">
         <name>__memcpy_far</name>
         <value>0xd5be</value>
         <object_component_ref idref="oc-28d"/>
      </symbol>
      <symbol id="sm-685">
         <name>__TI_dtors_ptr</name>
         <value>0x2128</value>
         <object_component_ref idref="oc-50b"/>
      </symbol>
      <symbol id="sm-686">
         <name>__TI_cleanup_ptr</name>
         <value>0x2124</value>
         <object_component_ref idref="oc-50e"/>
      </symbol>
      <symbol id="sm-69e">
         <name>__TI_wrt_ok</name>
         <value>0xcf44</value>
         <object_component_ref idref="oc-570"/>
      </symbol>
      <symbol id="sm-6ae">
         <name>__TI_tmpnams</name>
         <value>0x225e</value>
      </symbol>
      <symbol id="sm-6af">
         <name>_ftable</name>
         <value>0x2078</value>
         <object_component_ref idref="oc-4de"/>
      </symbol>
      <symbol id="sm-6b0">
         <name>__TI_ft_end</name>
         <value>0x2138</value>
         <object_component_ref idref="oc-66a"/>
      </symbol>
      <symbol id="sm-6c1">
         <name>__TI_doflush</name>
         <value>0xd236</value>
         <object_component_ref idref="oc-582"/>
      </symbol>
      <symbol id="sm-6d1">
         <name>fseek</name>
         <value>0xd100</value>
         <object_component_ref idref="oc-5e7"/>
      </symbol>
      <symbol id="sm-6de">
         <name>lseek</name>
         <value>0xda36</value>
         <object_component_ref idref="oc-617"/>
      </symbol>
      <symbol id="sm-6f6">
         <name>setvbuf</name>
         <value>0xc7c8</value>
         <object_component_ref idref="oc-5ed"/>
      </symbol>
      <symbol id="sm-702">
         <name>HOSTclose</name>
         <value>0xd536</value>
         <object_component_ref idref="oc-676"/>
      </symbol>
      <symbol id="sm-70e">
         <name>HOSTlseek</name>
         <value>0xcdc2</value>
         <object_component_ref idref="oc-688"/>
      </symbol>
      <symbol id="sm-71c">
         <name>parmbuf</name>
         <value>0x230a</value>
      </symbol>
      <symbol id="sm-71d">
         <name>HOSTopen</name>
         <value>0xd1d2</value>
         <object_component_ref idref="oc-670"/>
      </symbol>
      <symbol id="sm-72a">
         <name>HOSTread</name>
         <value>0xd2f8</value>
         <object_component_ref idref="oc-67c"/>
      </symbol>
      <symbol id="sm-736">
         <name>HOSTrename</name>
         <value>0xd02c</value>
         <object_component_ref idref="oc-694"/>
      </symbol>
      <symbol id="sm-742">
         <name>HOSTunlink</name>
         <value>0xd57c</value>
         <object_component_ref idref="oc-68e"/>
      </symbol>
      <symbol id="sm-74f">
         <name>HOSTwrite</name>
         <value>0xd298</value>
         <object_component_ref idref="oc-682"/>
      </symbol>
      <symbol id="sm-76d">
         <name>__TI_readmsg</name>
         <value>0xd93a</value>
         <object_component_ref idref="oc-6bd"/>
      </symbol>
      <symbol id="sm-76e">
         <name>C$$IO$$</name>
         <value>0xd8dc</value>
         <object_component_ref idref="oc-6b7"/>
      </symbol>
      <symbol id="sm-76f">
         <name>_CIOBUF_</name>
         <value>0x213e</value>
         <object_component_ref idref="oc-6e9"/>
      </symbol>
      <symbol id="sm-770">
         <name>__TI_writemsg</name>
         <value>0xd8b2</value>
         <object_component_ref idref="oc-6b7"/>
      </symbol>
      <symbol id="sm-778">
         <name>__mspabi_slll_9</name>
         <value>0xd654</value>
         <object_component_ref idref="oc-6ca"/>
      </symbol>
      <symbol id="sm-779">
         <name>__mspabi_slll_8</name>
         <value>0xd658</value>
         <object_component_ref idref="oc-6ca"/>
      </symbol>
      <symbol id="sm-77a">
         <name>__mspabi_slll_7</name>
         <value>0xd65c</value>
         <object_component_ref idref="oc-6ca"/>
      </symbol>
      <symbol id="sm-77b">
         <name>__mspabi_slll_6</name>
         <value>0xd660</value>
         <object_component_ref idref="oc-6ca"/>
      </symbol>
      <symbol id="sm-77c">
         <name>__mspabi_slll_5</name>
         <value>0xd664</value>
         <object_component_ref idref="oc-6ca"/>
      </symbol>
      <symbol id="sm-77d">
         <name>__mspabi_slll_4</name>
         <value>0xd668</value>
         <object_component_ref idref="oc-6ca"/>
      </symbol>
      <symbol id="sm-77e">
         <name>__mspabi_slll_3</name>
         <value>0xd66c</value>
         <object_component_ref idref="oc-6ca"/>
      </symbol>
      <symbol id="sm-77f">
         <name>__mspabi_slll_2</name>
         <value>0xd670</value>
         <object_component_ref idref="oc-6ca"/>
      </symbol>
      <symbol id="sm-780">
         <name>__mspabi_slll_1</name>
         <value>0xd674</value>
         <object_component_ref idref="oc-6ca"/>
      </symbol>
      <symbol id="sm-781">
         <name>__mspabi_slll_15</name>
         <value>0xd63c</value>
         <object_component_ref idref="oc-6ca"/>
      </symbol>
      <symbol id="sm-782">
         <name>__mspabi_slll_14</name>
         <value>0xd640</value>
         <object_component_ref idref="oc-6ca"/>
      </symbol>
      <symbol id="sm-783">
         <name>__mspabi_slll_13</name>
         <value>0xd644</value>
         <object_component_ref idref="oc-6ca"/>
      </symbol>
      <symbol id="sm-784">
         <name>__mspabi_slll_12</name>
         <value>0xd648</value>
         <object_component_ref idref="oc-6ca"/>
      </symbol>
      <symbol id="sm-785">
         <name>__mspabi_slll_11</name>
         <value>0xd64c</value>
         <object_component_ref idref="oc-6ca"/>
      </symbol>
      <symbol id="sm-786">
         <name>__mspabi_slll_10</name>
         <value>0xd650</value>
         <object_component_ref idref="oc-6ca"/>
      </symbol>
      <symbol id="sm-7d7">
         <name>_sys_memory</name>
         <value>0x2318</value>
         <object_component_ref idref="oc-27f"/>
      </symbol>
      <symbol id="sm-7d8">
         <name>free</name>
         <value>0xcec4</value>
         <object_component_ref idref="oc-61f"/>
      </symbol>
      <symbol id="sm-7d9">
         <name>malloc</name>
         <value>0xcb76</value>
         <object_component_ref idref="oc-625"/>
      </symbol>
      <symbol id="sm-7da">
         <name>minit</name>
         <value>0xd6f2</value>
         <object_component_ref idref="oc-65d"/>
      </symbol>
      <symbol id="sm-7e6">
         <name>__TI_cleanup</name>
         <value>0xd790</value>
         <object_component_ref idref="oc-62b"/>
      </symbol>
      <symbol id="sm-7f5">
         <name>strcpy</name>
         <value>0xdc3c</value>
         <object_component_ref idref="oc-6d3"/>
      </symbol>
      <symbol id="sm-806">
         <name>__TI_closefile</name>
         <value>0xd16a</value>
         <object_component_ref idref="oc-664"/>
      </symbol>
      <symbol id="sm-82a">
         <name>finddevice</name>
         <value>0xd8e0</value>
         <object_component_ref idref="oc-70c"/>
      </symbol>
      <symbol id="sm-82b">
         <name>getdevice</name>
         <value>0xd3ac</value>
         <object_component_ref idref="oc-6dd"/>
      </symbol>
      <symbol id="sm-83b">
         <name>strchr</name>
         <value>0xdb2a</value>
         <object_component_ref idref="oc-700"/>
      </symbol>
      <symbol id="sm-849">
         <name>strcmp</name>
         <value>0xdb44</value>
         <object_component_ref idref="oc-725"/>
      </symbol>
      <symbol id="sm-859">
         <name>strncpy</name>
         <value>0xd992</value>
         <object_component_ref idref="oc-706"/>
      </symbol>
      <symbol id="sm-865">
         <name>unlink</name>
         <value>0xd9be</value>
         <object_component_ref idref="oc-6aa"/>
      </symbol>
      <symbol id="sm-877">
         <name>close</name>
         <value>0xd4a4</value>
         <object_component_ref idref="oc-6a3"/>
      </symbol>
      <symbol id="sm-87b">
         <name>remove</name>
         <value>0xd9be</value>
      </symbol>
   </symbol_table>
   <title>Link successful</title>
</link_info>
